c[?7l[2J[0mSeaBIOS (version rel-1.16.3-0-ga6ed6b701f0a-prebuilt.qemu.org)


iPXE (http://ipxe.org) 00:02.0 CA00 PCI2.10 PnP PMM+7EFD0BC0+7EF30BC0 CA00
Press Ctrl-B to configure iPXE (PCI 00:02.0)...                                                                               


Booting from ROM...
c[?7l[2Jearly console in extract_kernel
input_data: 0x000000000c7d82e0
input_len: 0x000000000482851b
output: 0x0000000001000000
output_len: 0x000000000df9abc8
kernel_total_size: 0x0000000010026000
needed_size: 0x0000000010200000
trampoline_32bit: 0x000000000009d000

Decompressing Linux... Parsing ELF... done.
Booting the kernel.
[    0.000000] Linux version 6.2.0 (selen@selen-Mai) (gcc (Ubuntu 11.4.0-1ubuntu1~22.04) 11.4.0, GNU ld (GNU Binutils for Ubuntu) 2.38) #13 SMP PREEMPT_DYNAMIC Fri Apr 18 22:54:12 MSK 2025
[    0.000000] Command line: console=ttyS0 root=/dev/sda earlyprintk=serial net.ifnames=0
[    0.000000] x86/fpu: x87 FPU will use FXSAVE
[    0.000000] signal: max sigframe size: 1440
[    0.000000] BIOS-provided physical RAM map:
[    0.000000] BIOS-e820: [mem 0x0000000000000000-0x000000000009fbff] usable
[    0.000000] BIOS-e820: [mem 0x000000000009fc00-0x000000000009ffff] reserved
[    0.000000] BIOS-e820: [mem 0x00000000000f0000-0x00000000000fffff] reserved
[    0.000000] BIOS-e820: [mem 0x0000000000100000-0x000000007ffdefff] usable
[    0.000000] BIOS-e820: [mem 0x000000007ffdf000-0x000000007fffffff] reserved
[    0.000000] BIOS-e820: [mem 0x00000000b0000000-0x00000000bfffffff] reserved
[    0.000000] BIOS-e820: [mem 0x00000000fed1c000-0x00000000fed1ffff] reserved
[    0.000000] BIOS-e820: [mem 0x00000000feffc000-0x00000000feffffff] reserved
[    0.000000] BIOS-e820: [mem 0x00000000fffc0000-0x00000000ffffffff] reserved
[    0.000000] BIOS-e820: [mem 0x000000fd00000000-0x000000ffffffffff] reserved
[    0.000000] printk: bootconsole [earlyser0] enabled
[    0.000000] ERROR: earlyprintk= earlyser already used
[    0.000000] ERROR: earlyprintk= earlyser already used
[    0.000000] ERROR: earlyprintk= earlyser already used
[    0.000000] **********************************************************
[    0.000000] **   NOTICE NOTICE NOTICE NOTICE NOTICE NOTICE NOTICE   **
[    0.000000] **                                                      **
[    0.000000] ** This system shows unhashed kernel memory addresses   **
[    0.000000] ** via the console, logs, and other interfaces. This    **
[    0.000000] ** might reduce the security of your system.            **
[    0.000000] **                                                      **
[    0.000000] ** If you see this message and you are not debugging    **
[    0.000000] ** the kernel, report this immediately to your system   **
[    0.000000] ** administrator!                                       **
[    0.000000] **                                                      **
[    0.000000] **   NOTICE NOTICE NOTICE NOTICE NOTICE NOTICE NOTICE   **
[    0.000000] **********************************************************
[    0.000000] Malformed early option 'vsyscall'
[    0.000000] NX (Execute Disable) protection: active
[    0.000000] SMBIOS 3.0.0 present.
[    0.000000] DMI: QEMU Standard PC (Q35 + ICH9, 2009), BIOS rel-1.16.3-0-ga6ed6b701f0a-prebuilt.qemu.org 04/01/2014
[    0.000000] Hypervisor detected: KVM
[    0.000000] kvm-clock: Using msrs 4b564d01 and 4b564d00
[    0.000006] kvm-clock: using sched offset of 918460228 cycles
[    0.000638] clocksource: kvm-clock: mask: 0xffffffffffffffff max_cycles: 0x1cd42e4dffb, max_idle_ns: 881590591483 ns
[    0.002403] tsc: Detected 2096.056 MHz processor
[    0.009809] last_pfn = 0x7ffdf max_arch_pfn = 0x400000000
[    0.010440] x86/PAT: Configuration [0-7]: WB  WC  UC- UC  WB  WP  UC- WT  
[    0.014479] found SMP MP-table at [mem 0x000f5480-0x000f548f]
[    0.016086] ACPI: Early table checksum verification disabled
[    0.016694] ACPI: RSDP 0x00000000000F52A0 000014 (v00 BOCHS )
[    0.017332] ACPI: RSDT 0x000000007FFE2357 000038 (v01 BOCHS  BXPC     00000001 BXPC 00000001)
[    0.018252] ACPI: FACP 0x000000007FFE2147 0000F4 (v03 BOCHS  BXPC     00000001 BXPC 00000001)
[    0.019178] ACPI: DSDT 0x000000007FFE0040 002107 (v01 BOCHS  BXPC     00000001 BXPC 00000001)
[    0.020094] ACPI: FACS 0x000000007FFE0000 000040
[    0.020592] ACPI: APIC 0x000000007FFE223B 000080 (v03 BOCHS  BXPC     00000001 BXPC 00000001)
[    0.021510] ACPI: HPET 0x000000007FFE22BB 000038 (v01 BOCHS  BXPC     00000001 BXPC 00000001)
[    0.022432] ACPI: MCFG 0x000000007FFE22F3 00003C (v01 BOCHS  BXPC     00000001 BXPC 00000001)
[    0.023362] ACPI: WAET 0x000000007FFE232F 000028 (v01 BOCHS  BXPC     00000001 BXPC 00000001)
[    0.024337] ACPI: Reserving FACP table memory at [mem 0x7ffe2147-0x7ffe223a]
[    0.025225] ACPI: Reserving DSDT table memory at [mem 0x7ffe0040-0x7ffe2146]
[    0.026186] ACPI: Reserving FACS table memory at [mem 0x7ffe0000-0x7ffe003f]
[    0.027106] ACPI: Reserving APIC table memory at [mem 0x7ffe223b-0x7ffe22ba]
[    0.028021] ACPI: Reserving HPET table memory at [mem 0x7ffe22bb-0x7ffe22f2]
[    0.028928] ACPI: Reserving MCFG table memory at [mem 0x7ffe22f3-0x7ffe232e]
[    0.029864] ACPI: Reserving WAET table memory at [mem 0x7ffe232f-0x7ffe2356]
[    0.031751] No NUMA configuration found
[    0.032199] Faking a node at [mem 0x0000000000000000-0x000000007ffdefff]
[    0.032913] Faking node 0 at [mem 0x0000000000000000-0x000000003fffffff] (1024MB)
[    0.033738] Faking node 1 at [mem 0x0000000040000000-0x000000007ffdefff] (1023MB)
[    0.035036] NODE_DATA(0) allocated [mem 0x3fffa000-0x3fffffff]
[    0.035913] NODE_DATA(1) allocated [mem 0x7ffd8000-0x7ffddfff]
[    0.041741] Zone ranges:
[    0.042101]   DMA      [mem 0x0000000000001000-0x0000000000ffffff]
[    0.042779]   DMA32    [mem 0x0000000001000000-0x000000007ffdefff]
[    0.043428]   Normal   empty
[    0.043728]   Device   empty
[    0.044042] Movable zone start for each node
[    0.044493] Early memory node ranges
[    0.044921]   node   0: [mem 0x0000000000001000-0x000000000009efff]
[    0.045733]   node   0: [mem 0x0000000000100000-0x000000003fffffff]
[    0.046454]   node   1: [mem 0x0000000040000000-0x000000007ffdefff]
[    0.047132] Initmem setup node 0 [mem 0x0000000000001000-0x000000003fffffff]
[    0.047883] Initmem setup node 1 [mem 0x0000000040000000-0x000000007ffdefff]
[    0.048642] On node 0, zone DMA: 1 pages in unavailable ranges
[    0.048748] On node 0, zone DMA: 97 pages in unavailable ranges
[    0.061910] On node 1, zone DMA32: 33 pages in unavailable ranges
[    0.112874] kasan: KernelAddressSanitizer initialized
[    0.114436] ACPI: PM-Timer IO Port: 0x608
[    0.114916] ACPI: LAPIC_NMI (acpi_id[0xff] dfl dfl lint[0x1])
[    0.115597] IOAPIC[0]: apic_id 0, version 17, address 0xfec00000, GSI 0-23
[    0.116425] ACPI: INT_SRC_OVR (bus 0 bus_irq 0 global_irq 2 dfl dfl)
[    0.117184] ACPI: INT_SRC_OVR (bus 0 bus_irq 5 global_irq 5 high level)
[    0.117968] ACPI: INT_SRC_OVR (bus 0 bus_irq 9 global_irq 9 high level)
[    0.118756] ACPI: INT_SRC_OVR (bus 0 bus_irq 10 global_irq 10 high level)
[    0.119565] ACPI: INT_SRC_OVR (bus 0 bus_irq 11 global_irq 11 high level)
[    0.120386] ACPI: Using ACPI (MADT) for SMP configuration information
[    0.121149] ACPI: HPET id: 0x8086a201 base: 0xfed00000
[    0.121771] smpboot: Allowing 2 CPUs, 0 hotplug CPUs
[    0.122440] PM: hibernation: Registered nosave memory: [mem 0x00000000-0x00000fff]
[    0.123343] PM: hibernation: Registered nosave memory: [mem 0x0009f000-0x0009ffff]
[    0.124250] PM: hibernation: Registered nosave memory: [mem 0x000a0000-0x000effff]
[    0.125144] PM: hibernation: Registered nosave memory: [mem 0x000f0000-0x000fffff]
[    0.126044] [mem 0xc0000000-0xfed1bfff] available for PCI devices
[    0.126762] Booting paravirtualized kernel on KVM
[    0.127331] clocksource: refined-jiffies: mask: 0xffffffff max_cycles: 0xffffffff, max_idle_ns: 1910969940391419 ns
[    0.164485] setup_percpu: NR_CPUS:64 nr_cpumask_bits:2 nr_cpu_ids:2 nr_node_ids:2
[    0.166035] percpu: Embedded 70 pages/cpu s249800 r8192 d28728 u2097152
[    0.167140] kvm-guest: PV spinlocks disabled, no host support
[    0.167904] Fallback order for Node 0: 0 1 
[    0.168483] Fallback order for Node 1: 1 0 
[    0.169050] Built 2 zonelists, mobility grouping on.  Total pages: 515807
[    0.169941] Policy zone: DMA32
[    0.170364] Kernel command line: earlyprintk=serial net.ifnames=0 sysctl.kernel.hung_task_all_cpu_backtrace=1 ima_policy=tcb nf-conntrack-ftp.ports=20000 nf-conntrack-tftp.ports=20000 nf-conntrack-sip.ports=20000 nf-conntrack-irc.ports=20000 nf-conntrack-sane.ports=20000 binder.debug_mask=0 rcupdate.rcu_expedited=1 no_hash_pointers page_owner=on sysctl.vm.nr_hugepages=4 sysctl.vm.nr_overcommit_hugepages=4 secretmem.enable=1 msr.allow_writes=off root=/dev/sda console=ttyS0 vsyscall=native numa=fake=2 kvm-intel.nested=1 spec_store_bypass_disable=prctl nopcid vivid.n_devs=16 vivid.multiplanar=1,2,1,2,1,2,1,2,1,2,1,2,1,2,1,2 netrom.nr_ndevs=16 rose.rose_ndevs=16 dummy_hcd.num=8 smp.csd_lock_timeout=100000 watchdog_thresh=55 workqueue.watchdog_thresh=140 sysctl.net.core.netdev_unregister_timeout_secs=140 panic_on_warn=1 console=ttyS0 root=/dev/sda earlyprintk=serial net.ifnames=0
[    0.182878] Unknown kernel command line parameters "ima_policy=tcb page_owner=on spec_store_bypass_disable=prctl", will be passed to user space.
[    0.184788] mem auto-init: stack:off, heap alloc:off, heap free:off
[    0.186856] stackdepot hash table entries: 1048576 (order: 11, 8388608 bytes, linear)
[    0.317706] Memory: 1496856K/2096628K available (129024K kernel code, 30835K rwdata, 26396K rodata, 20284K init, 37272K bss, 599516K reserved, 0K cma-reserved)
[    0.320611] SLUB: HWalign=64, Order=0-3, MinObjects=0, CPUs=2, Nodes=2
[    0.323285] Dynamic Preempt: full
[    0.324387] Running RCU self tests
[    0.324879] rcu: Preemptible hierarchical RCU implementation.
[    0.325637] rcu: 	RCU event tracing is enabled.
[    0.326232] rcu: 	RCU lockdep checking is enabled.
[    0.326856] rcu: 	RCU restricting CPUs from NR_CPUS=64 to nr_cpu_ids=2.
[    0.327725] rcu: 	RCU callback double-/use-after-free debug is enabled.
[    0.328592] 	All grace periods are expedited (rcu_expedited).
[    0.329360] 	Trampoline variant of Tasks RCU enabled.
[    0.330041] 	Tracing variant of Tasks RCU enabled.
[    0.330672] rcu: RCU calculated value of scheduler-enlistment delay is 100 jiffies.
[    0.331670] rcu: Adjusting geometry for rcu_fanout_leaf=16, nr_cpu_ids=2
[    0.391502] NR_IRQS: 4352, nr_irqs: 440, preallocated irqs: 16
[    0.393089] rcu: srcu_init: Setting srcu_struct sizes based on contention.
[    0.399626] Console: colour VGA+ 80x25
[    0.400189] printk: console [ttyS0] enabled
[    0.400189] printk: console [ttyS0] enabled
[    0.401292] printk: bootconsole [earlyser0] disabled
[    0.401292] printk: bootconsole [earlyser0] disabled
[    0.402655] Lock dependency validator: Copyright (c) 2006 Red Hat, Inc., Ingo Molnar
[    0.403719] ... MAX_LOCKDEP_SUBCLASSES:  8
[    0.404295] ... MAX_LOCK_DEPTH:          48
[    0.404865] ... MAX_LOCKDEP_KEYS:        8192
[    0.405460] ... CLASSHASH_SIZE:          4096
[    0.406054] ... MAX_LOCKDEP_ENTRIES:     131072
[    0.406668] ... MAX_LOCKDEP_CHAINS:      262144
[    0.407281] ... CHAINHASH_SIZE:          131072
[    0.407892]  memory used by lock dependency info: 20657 kB
[    0.408631]  memory used for stack traces: 8320 kB
[    0.409277]  per task-struct memory footprint: 1920 bytes
[    0.410188] mempolicy: Enabling automatic NUMA balancing. Configure with numa_balancing= or the kernel.numa_balancing sysctl
[    0.411697] ACPI: Core revision 20221020
[    0.412897] clocksource: hpet: mask: 0xffffffff max_cycles: 0xffffffff, max_idle_ns: 19112604467 ns
[    0.414329] APIC: Switch to symmetric I/O mode setup
[    0.416533] ..TIMER: vector=0x30 apic1=0 pin1=2 apic2=-1 pin2=-1
[    0.417430] tsc: Marking TSC unstable due to TSCs unsynchronized
[    0.418368] Calibrating delay loop (skipped) preset value.. 4192.11 BogoMIPS (lpj=2096056)
[    0.419370] pid_max: default: 32768 minimum: 301
[    0.420706] LSM: initializing lsm=capability,integrity,selinux
[    0.421455] SELinux:  Initializing.
[    0.423057] Dentry cache hash table entries: 262144 (order: 9, 2097152 bytes, vmalloc)
[    0.424811] Inode-cache hash table entries: 131072 (order: 8, 1048576 bytes, vmalloc)
[    0.425758] Mount-cache hash table entries: 4096 (order: 3, 32768 bytes, vmalloc)
[    0.427415] Mountpoint-cache hash table entries: 4096 (order: 3, 32768 bytes, vmalloc)
[    0.431698] process: using AMD E400 aware idle routine
[    0.432355] Last level iTLB entries: 4KB 512, 2MB 255, 4MB 127
[    0.433152] Last level dTLB entries: 4KB 512, 2MB 255, 4MB 127, 1GB 0
[    0.433374] Spectre V1 : Mitigation: usercopy/swapgs barriers and __user pointer sanitization
[    0.435406] Spectre V2 : Mitigation: Retpolines
[    0.436025] Spectre V2 : Spectre v2 / SpectreRSB mitigation: Filling RSB on context switch
[    0.436362] Spectre V2 : Spectre v2 / SpectreRSB : Filling RSB on VMEXIT
[    0.531480] Freeing SMP alternatives memory: 104K
[    0.634836] smpboot: CPU0: AMD QEMU Virtual CPU version 2.5+ (family: 0xf, model: 0x6b, stepping: 0x1)
[    0.637374] cblist_init_generic: Setting adjustable number of callback queues.
[    0.638360] cblist_init_generic: Setting shift to 1 and lim to 1.
[    0.639414] cblist_init_generic: Setting shift to 1 and lim to 1.
[    0.640464] Running RCU-tasks wait API self tests
[    0.744874] Performance Events: AMD PMU driver.
[    0.745373] ... version:                0
[    0.745903] ... bit width:              48
[    0.746362] ... generic registers:      4
[    0.746838] ... value mask:             0000ffffffffffff
[    0.747365] ... max period:             00007fffffffffff
[    0.747980] ... fixed-purpose events:   0
[    0.748372] ... event mask:             000000000000000f
[    0.750132] rcu: Hierarchical SRCU implementation.
[    0.750369] rcu: 	Max phase no-delay instances is 400.
[    0.754394] Callback from call_rcu_tasks_trace() invoked.
[    0.756717] smp: Bringing up secondary CPUs ...
[    0.758955] x86: Booting SMP configuration:
[    0.759382] .... node  #1, CPUs:      #1
[    0.760453] smp: Brought up 2 nodes, 2 CPUs
[    0.761377] smpboot: Max logical packages: 1
[    0.762363] smpboot: Total of 2 processors activated (8384.22 BogoMIPS)
[    0.766379] devtmpfs: initialized
[    0.768122] x86/mm: Memory block size: 128MB
[    0.790648] clocksource: jiffies: mask: 0xffffffff max_cycles: 0xffffffff, max_idle_ns: 1911260446275000 ns
[    0.791436] futex hash table entries: 512 (order: 4, 65536 bytes, vmalloc)
[    0.794605] PM: RTC time: 22:20:10, date: 2025-05-25
[    0.796591] NET: Registered PF_NETLINK/PF_ROUTE protocol family
[    0.801294] audit: initializing netlink subsys (disabled)
[    0.802421] audit: type=2000 audit(1748211611.308:1): state=initialized audit_enabled=0 res=1
[    0.804760] thermal_sys: Registered thermal governor 'step_wise'
[    0.804768] thermal_sys: Registered thermal governor 'user_space'
[    0.805594] cpuidle: using governor menu
[    0.807482] NET: Registered PF_QIPCRTR protocol family
[    0.812210] PCI: MMCONFIG for domain 0000 [bus 00-ff] at [mem 0xb0000000-0xbfffffff] (base 0xb0000000)
[    0.812371] PCI: MMCONFIG at [mem 0xb0000000-0xbfffffff] reserved as E820 entry
[    0.838985] PCI: Using configuration type 1 for base access
[    0.843275] kprobes: kprobe jump-optimization is enabled. All kprobes are optimized if possible.
[    0.847518] HugeTLB: registered 2.00 MiB page size, pre-allocated 0 pages
[    0.848557] HugeTLB: 28 KiB vmemmap can be freed for a 2.00 MiB page
[    0.856356] cryptd: max_cpu_qlen set to 1000
[    0.875504] raid6: sse2x4   gen()  6410 MB/s
[    0.892495] raid6: sse2x2   gen()  4467 MB/s
[    0.909492] raid6: sse2x1   gen()  2645 MB/s
[    0.910020] raid6: using algorithm sse2x4 gen() 6410 MB/s
[    0.927497] raid6: .... xor() 3158 MB/s, rmw enabled
[    0.928226] raid6: using intx1 recovery algorithm
[    0.929979] ACPI: Added _OSI(Module Device)
[    0.931364] ACPI: Added _OSI(Processor Device)
[    0.931945] ACPI: Added _OSI(3.0 _SCP Extensions)
[    0.932363] ACPI: Added _OSI(Processor Aggregator Device)
[    1.032986] ACPI: 1 ACPI AML tables successfully acquired and loaded
[    1.071689] ACPI: Interpreter enabled
[    1.072524] ACPI: PM: (supports S0 S3 S4 S5)
[    1.073108] ACPI: Using IOAPIC for interrupt routing
[    1.074860] PCI: Using host bridge windows from ACPI; if necessary, use "pci=nocrs" and report a bug
[    1.075363] PCI: Using E820 reservations for host bridge windows
[    1.080919] ACPI: Enabled 2 GPEs in block 00 to 3F
[    1.174722] ACPI: PCI Root Bridge [PCI0] (domain 0000 [bus 00-ff])
[    1.176417] acpi PNP0A08:00: _OSC: OS supports [ExtendedConfig ASPM ClockPM Segments MSI HPX-Type3]
[    1.181400] acpi PNP0A08:00: _OSC: platform does not support [PCIeHotplug LTR]
[    1.189895] acpi PNP0A08:00: _OSC: OS now controls [PME AER PCIeCapability]
[    1.192997] PCI host bridge to bus 0000:00
[    1.194367] pci_bus 0000:00: Unknown NUMA node; performance will be reduced
[    1.194375] pci_bus 0000:00: root bus resource [io  0x0000-0x0cf7 window]
[    1.195206] pci_bus 0000:00: root bus resource [io  0x0d00-0xffff window]
[    1.196371] pci_bus 0000:00: root bus resource [mem 0x000a0000-0x000bffff window]
[    1.197375] pci_bus 0000:00: root bus resource [mem 0x80000000-0xafffffff window]
[    1.198370] pci_bus 0000:00: root bus resource [mem 0xc0000000-0xfebfffff window]
[    1.199370] pci_bus 0000:00: root bus resource [mem 0x100000000-0x8ffffffff window]
[    1.200372] pci_bus 0000:00: root bus resource [bus 00-ff]
[    1.200740] pci 0000:00:00.0: [8086:29c0] type 00 class 0x060000
[    1.204964] pci 0000:00:01.0: [1234:1111] type 00 class 0x030000
[    1.207791] pci 0000:00:01.0: reg 0x10: [mem 0xfd000000-0xfdffffff pref]
[    1.210785] pci 0000:00:01.0: reg 0x18: [mem 0xfebf0000-0xfebf0fff]
[    1.215808] pci 0000:00:01.0: reg 0x30: [mem 0xfebe0000-0xfebeffff pref]
[    1.217361] pci 0000:00:01.0: Video device with shadowed ROM at [mem 0x000c0000-0x000dffff]
[    1.219972] pci 0000:00:02.0: [8086:100e] type 00 class 0x020000
[    1.222364] pci 0000:00:02.0: reg 0x10: [mem 0xfebc0000-0xfebdffff]
[    1.223362] pci 0000:00:02.0: reg 0x14: [io  0xc000-0xc03f]
[    1.227400] pci 0000:00:02.0: reg 0x30: [mem 0xfeb80000-0xfebbffff pref]
[    1.231315] pci 0000:00:1f.0: [8086:2918] type 00 class 0x060100
[    1.233090] pci 0000:00:1f.0: quirk: [io  0x0600-0x067f] claimed by ICH6 ACPI/GPIO/TCO
[    1.236632] pci 0000:00:1f.2: [8086:2922] type 00 class 0x010601
[    1.239365] pci 0000:00:1f.2: reg 0x20: [io  0xc080-0xc09f]
[    1.240363] pci 0000:00:1f.2: reg 0x24: [mem 0xfebf1000-0xfebf1fff]
[    1.244754] pci 0000:00:1f.3: [8086:2930] type 00 class 0x0c0500
[    1.248185] pci 0000:00:1f.3: reg 0x20: [io  0x0700-0x073f]
[    1.259303] ACPI: PCI: Interrupt link LNKA configured for IRQ 10
[    1.264376] ACPI: PCI: Interrupt link LNKB configured for IRQ 10
[    1.269161] ACPI: PCI: Interrupt link LNKC configured for IRQ 11
[    1.273125] ACPI: PCI: Interrupt link LNKD configured for IRQ 11
[    1.277284] ACPI: PCI: Interrupt link LNKE configured for IRQ 10
[    1.281686] ACPI: PCI: Interrupt link LNKF configured for IRQ 10
[    1.288266] ACPI: PCI: Interrupt link LNKG configured for IRQ 11
[    1.292274] ACPI: PCI: Interrupt link LNKH configured for IRQ 11
[    1.294159] ACPI: PCI: Interrupt link GSIA configured for IRQ 16
[    1.295984] ACPI: PCI: Interrupt link GSIB configured for IRQ 17
[    1.297808] ACPI: PCI: Interrupt link GSIC configured for IRQ 18
[    1.298463] ACPI: PCI: Interrupt link GSID configured for IRQ 19
[    1.299803] ACPI: PCI: Interrupt link GSIE configured for IRQ 20
[    1.302076] ACPI: PCI: Interrupt link GSIF configured for IRQ 21
[    1.302563] ACPI: PCI: Interrupt link GSIG configured for IRQ 22
[    1.303790] ACPI: PCI: Interrupt link GSIH configured for IRQ 23
[    1.316450] iommu: Default domain type: Translated 
[    1.317118] iommu: DMA domain TLB invalidation policy: lazy mode 
[    1.319862] SCSI subsystem initialized
[    1.321497] ACPI: bus type USB registered
[    1.322288] usbcore: registered new interface driver usbfs
[    1.323560] usbcore: registered new interface driver hub
[    1.324512] usbcore: registered new device driver usb
[    1.325826] mc: Linux media interface: v0.10
[    1.326499] videodev: Linux video capture interface: v2.00
[    1.327632] pps_core: LinuxPPS API ver. 1 registered
[    1.328257] pps_core: Software ver. 5.3.6 - Copyright 2005-2007 Rodolfo Giometti <giometti@linux.it>
[    1.329465] PTP clock support registered
[    1.331356] EDAC MC: Ver: 3.0.0
[    1.333066] Advanced Linux Sound Architecture Driver Initialized.
[    1.336877] Bluetooth: Core ver 2.22
[    1.337517] NET: Registered PF_BLUETOOTH protocol family
[    1.338225] Bluetooth: HCI device and connection manager initialized
[    1.339425] Bluetooth: HCI socket layer initialized
[    1.340398] Bluetooth: L2CAP socket layer initialized
[    1.340554] Bluetooth: SCO socket layer initialized
[    1.341246] NET: Registered PF_ATMPVC protocol family
[    1.342364] NET: Registered PF_ATMSVC protocol family
[    1.343589] NetLabel: Initializing
[    1.344002] NetLabel:  domain hash size = 128
[    1.344370] NetLabel:  protocols = UNLABELED CIPSOv4 CALIPSO
[    1.344665] NetLabel:  unlabeled traffic allowed by default
[    1.346674] nfc: nfc_init: NFC Core ver 0.1
[    1.347533] NET: Registered PF_NFC protocol family
[    1.348186] PCI: Using ACPI for IRQ routing
[    1.396678] pci 0000:00:01.0: vgaarb: setting as boot VGA device
[    1.397355] pci 0000:00:01.0: vgaarb: bridge control possible
[    1.397355] pci 0000:00:01.0: vgaarb: VGA device added: decodes=io+mem,owns=io+mem,locks=none
[    1.399367] vgaarb: loaded
[    1.401452] hpet: 3 channels of 0 reserved for per-cpu timers
[    1.402159] hpet0: at MMIO 0xfed00000, IRQs 2, 8, 0
[    1.403361] hpet0: 3 comparators, 64-bit 100.000000 MHz counter
[    1.408818] clocksource: Switched to clocksource kvm-clock
[    1.411765] VFS: Disk quotas dquot_6.6.0
[    1.412474] VFS: Dquot-cache hash table entries: 512 (order 0, 4096 bytes)
[    1.413821] FS-Cache: Loaded
[    1.415008] CacheFiles: Loaded
[    1.415626] pnp: PnP ACPI init
[    1.420068] system 00:05: [mem 0xb0000000-0xbfffffff window] has been reserved
[    1.429558] pnp: PnP ACPI: found 6 devices
[    1.465523] clocksource: acpi_pm: mask: 0xffffff max_cycles: 0xffffff, max_idle_ns: 2085701024 ns
[    1.467213] NET: Registered PF_INET protocol family
[    1.468347] IP idents hash table entries: 32768 (order: 6, 262144 bytes, vmalloc)
[    1.472071] tcp_listen_portaddr_hash hash table entries: 1024 (order: 4, 73728 bytes, vmalloc)
[    1.473493] Table-perturb hash table entries: 65536 (order: 6, 262144 bytes, vmalloc)
[    1.474791] TCP established hash table entries: 16384 (order: 5, 131072 bytes, vmalloc)
[    1.476823] TCP bind hash table entries: 16384 (order: 9, 2359296 bytes, vmalloc)
[    1.479010] TCP: Hash tables configured (established 16384 bind 16384)
[    1.481077] MPTCP token hash table entries: 2048 (order: 5, 180224 bytes, vmalloc)
[    1.482493] UDP hash table entries: 1024 (order: 5, 163840 bytes, vmalloc)
[    1.483643] UDP-Lite hash table entries: 1024 (order: 5, 163840 bytes, vmalloc)
[    1.485474] NET: Registered PF_UNIX/PF_LOCAL protocol family
[    1.490102] RPC: Registered named UNIX socket transport module.
[    1.491349] RPC: Registered udp transport module.
[    1.492237] RPC: Registered tcp transport module.
[    1.492999] RPC: Registered tcp NFSv4.1 backchannel transport module.
[    1.496447] NET: Registered PF_XDP protocol family
[    1.497052] pci_bus 0000:00: resource 4 [io  0x0000-0x0cf7 window]
[    1.497978] pci_bus 0000:00: resource 5 [io  0x0d00-0xffff window]
[    1.498834] pci_bus 0000:00: resource 6 [mem 0x000a0000-0x000bffff window]
[    1.499684] pci_bus 0000:00: resource 7 [mem 0x80000000-0xafffffff window]
[    1.500538] pci_bus 0000:00: resource 8 [mem 0xc0000000-0xfebfffff window]
[    1.501348] pci_bus 0000:00: resource 9 [mem 0x100000000-0x8ffffffff window]
[    1.502644] PCI: CLS 0 bytes, default 64
[    1.503254] ACPI: bus type thunderbolt registered
[    1.506281] kvm: no hardware support for 'kvm_intel'
[    1.506909] has_svm: svm not available
[    1.507425] kvm: no hardware support for 'kvm_amd'
[    1.511567] CPU feature 'AVX registers' is not supported.
[    1.512311] CPU feature 'AVX registers' is not supported.
[    1.512977] AVX2 instructions are not detected.
[    1.513652] AVX or AES-NI instructions are not detected.
[    1.514277] AVX2 or AES-NI instructions are not detected.
[    1.514956] CPU feature 'AVX registers' is not supported.
[    1.515657] CPU feature 'AVX registers' is not supported.
[    1.516324] PCLMULQDQ-NI instructions are not detected.
[    3.504643] Callback from call_rcu_tasks() invoked.
[    4.210577] Initialise system trusted keyrings
[    4.212155] workingset: timestamp_bits=40 max_order=19 bucket_order=0
[    4.213384] zbud: loaded
[    4.216751] DLM installed
[    4.219183] squashfs: version 4.0 (2009/01/31) Phillip Lougher
[    4.223737] NFS: Registering the id_resolver key type
[    4.224583] Key type id_resolver registered
[    4.225199] Key type id_legacy registered
[    4.225907] nfs4filelayout_init: NFSv4 File Layout Driver Registering...
[    4.227016] nfs4flexfilelayout_init: NFSv4 Flexfile Layout Driver Registering...
[    4.233119] Key type cifs.spnego registered
[    4.233714] Key type cifs.idmap registered
[    4.234435] ntfs: driver 2.1.32 [Flags: R/W].
[    4.235208] efs: 1.0a - http://aeschi.ch.eu.org/efs/
[    4.235867] jffs2: version 2.2. (NAND) (SUMMARY)  Â© 2001-2006 Red Hat, Inc.
[    4.237555] romfs: ROMFS MTD (C) 2007 Red Hat, Inc.
[    4.238448] QNX4 filesystem 0.2.3 registered.
[    4.239117] qnx6: QNX6 filesystem 1.0.0 registered.
[    4.240191] fuse: init (API version 7.38)
[    4.241939] orangefs_debugfs_init: called with debug mask: :none: :0:
[    4.243441] orangefs_init: module version upstream loaded
[    4.244486] JFS: nTxBlock = 8192, nTxLock = 65536
[    4.250088] SGI XFS with ACLs, security attributes, realtime, quota, fatal assert, debug enabled
[    4.254570] 9p: Installing v9fs 9p2000 file system support
[    4.255686] NILFS version 2 loaded
[    4.256180] befs: version: 0.9.3
[    4.257051] ocfs2: Registered cluster interface o2cb
[    4.258187] ocfs2: Registered cluster interface user
[    4.259266] OCFS2 User DLM kernel interface loaded
[    4.266110] gfs2: GFS2 installed
[    4.271623] ceph: loaded (mds proto 32)
[    4.281480] NET: Registered PF_ALG protocol family
[    4.282314] xor: measuring software checksum speed
[    4.283554]    prefetch64-sse  : 19557 MB/sec
[    4.284732]    generic_sse     : 18824 MB/sec
[    4.285355] xor: using function: prefetch64-sse (19557 MB/sec)
[    4.286231] async_tx: api initialized (async)
[    4.286879] Key type asymmetric registered
[    4.287506] Asymmetric key parser 'x509' registered
[    4.288223] Asymmetric key parser 'pkcs8' registered
[    4.288951] Key type pkcs7_test registered
[    4.289780] Block layer SCSI generic (bsg) driver version 0.4 loaded (major 243)
[    4.291423] io scheduler mq-deadline registered
[    4.292076] io scheduler kyber registered
[    4.292808] io scheduler bfq registered
[    4.295757] input: Power Button as /devices/LNXSYSTM:00/LNXPWRBN:00/input/input0
[    4.299158] ACPI: button: Power Button [PWRF]
[    4.471881] N_HDLC line discipline registered with maxframe=4096
[    4.472991] Serial: 8250/16550 driver, 4 ports, IRQ sharing enabled
[    4.474413] 00:03: ttyS0 at I/O 0x3f8 (irq = 4, base_baud = 115200) is a 16550A
[    4.484149] Non-volatile memory driver v1.3
[    4.484919] Linux agpgart interface v0.103
[    4.486182] ACPI: bus type drm_connector registered
[    4.488984] [drm] Initialized vgem 1.0.0 20120112 for vgem on minor 0
[    4.494296] [drm] Initialized vkms 1.0.0 20180514 for vkms on minor 1
[    4.548796] Console: switching to colour frame buffer device 128x48
[    4.565999] platform vkms: [drm] fb0: vkmsdrmfb frame buffer device
[    4.567086] usbcore: registered new interface driver udl
[    4.567903] bochs-drm 0000:00:01.0: vgaarb: deactivate vga console
[    4.571006] [drm] Found bochs VGA, ID 0xb0c5.
[    4.571611] [drm] Framebuffer size 16384 kB @ 0xfd000000, mmio @ 0xfebf0000.
[    4.574592] [drm] Found EDID data blob.
[    4.577232] [drm] Initialized bochs-drm 1.0.0 20130925 for 0000:00:01.0 on minor 2
[    4.583407] fbcon: bochs-drmdrmfb (fb1) is primary device
[    4.583425] fbcon: Remapping primary device, fb1, to tty 1-63
[   19.142132] bochs-drm 0000:00:01.0: [drm] fb1: bochs-drmdrmfb frame buffer device
[   19.191170] brd: module loaded
[   19.252626] loop: module loaded
[   19.343880] zram: Added device: zram0
[   19.350595] null_blk: disk nullb0 created
[   19.351108] null_blk: module loaded
[   19.351662] Guest personality initialized and is inactive
[   19.352691] VMCI host device registered (name=vmci, major=10, minor=119)
[   19.353552] Initialized host personality
[   19.354811] lpc_ich 0000:00:1f.0: I/O space for GPIO uninitialized
[   19.356009] usbcore: registered new interface driver pn533_usb
[   19.359545] nfcsim 0.2 initialized
[   19.360111] usbcore: registered new interface driver port100
[   19.360912] usbcore: registered new interface driver nfcmrvl
[   19.364418] Loading iSCSI transport class v2.0-870.
[   19.367617] st: Version 20160209, fixed bufsize 32768, s/g segs 256
[   19.403907] ACPI: \_SB_.GSIA: Enabled at IRQ 16
[   19.407323] ahci 0000:00:1f.2: AHCI 0001.0000 32 slots 6 ports 1.5 Gbps 0x3f impl SATA mode
[   19.408648] ahci 0000:00:1f.2: flags: 64bit ncq only 
[   19.421491] scsi host0: ahci
[   19.424093] scsi host1: ahci
[   19.426773] scsi host2: ahci
[   19.429248] scsi host3: ahci
[   19.431716] scsi host4: ahci
[   19.434117] scsi host5: ahci
[   19.435670] ata1: SATA max UDMA/133 abar m4096@0xfebf1000 port 0xfebf1100 irq 24
[   19.436567] ata2: SATA max UDMA/133 abar m4096@0xfebf1000 port 0xfebf1180 irq 24
[   19.437522] ata3: SATA max UDMA/133 abar m4096@0xfebf1000 port 0xfebf1200 irq 24
[   19.438566] ata4: SATA max UDMA/133 abar m4096@0xfebf1000 port 0xfebf1280 irq 24
[   19.439550] ata5: SATA max UDMA/133 abar m4096@0xfebf1000 port 0xfebf1300 irq 24
[   19.440537] ata6: SATA max UDMA/133 abar m4096@0xfebf1000 port 0xfebf1380 irq 24
[   19.444143] slram: not enough parameters.
[   19.447417] kworker/u5:7 (127) used greatest stack depth: 28032 bytes left
[   19.450729] ftl_cs: FTL header not found.
[   19.468175] wireguard: WireGuard 1.0.0 loaded. See www.wireguard.com for information.
[   19.469211] wireguard: Copyright (C) 2015-2019 Jason A. Donenfeld <Jason@zx2c4.com>. All Rights Reserved.
[   19.470940] eql: Equalizer2002: Simon Janes (simon@ncm.com) and David S. Miller (davem@redhat.com)
[   19.476590] MACsec IEEE 802.1AE
[   19.481706] tun: Universal TUN/TAP device driver, 1.6
[   19.483417] vcan: Virtual CAN interface driver
[   19.484022] vxcan: Virtual CAN Tunnel driver
[   19.484734] slcan: serial line CAN interface driver
[   19.485315] CAN device driver interface
[   19.485976] e100: Intel(R) PRO/100 Network Driver
[   19.486570] e100: Copyright(c) 1999-2006 Intel Corporation
[   19.487325] e1000: Intel(R) PRO/1000 Network Driver
[   19.487929] e1000: Copyright (c) 1999-2006 Intel Corporation.
[   19.517346] ACPI: \_SB_.GSIG: Enabled at IRQ 22
[   19.754454] ata6: SATA link down (SStatus 0 SControl 300)
[   19.755658] ata1: SATA link up 1.5 Gbps (SStatus 113 SControl 300)
[   19.756641] ata1.00: ATA-7: QEMU HARDDISK, 2.5+, max UDMA/100
[   19.757432] ata1.00: 4194304 sectors, multi 16: LBA48 NCQ (depth 32)
[   19.758280] ata1.00: applying bridge limits
[   19.759061] ata5: SATA link down (SStatus 0 SControl 300)
[   19.759917] ata2: SATA link down (SStatus 0 SControl 300)
[   19.760773] ata4: SATA link down (SStatus 0 SControl 300)
[   19.761637] ata3: SATA link up 1.5 Gbps (SStatus 113 SControl 300)
[   19.762623] ata3.00: ATAPI: QEMU DVD-ROM, 2.5+, max UDMA/100
[   19.763465] ata3.00: applying bridge limits
[   19.764178] ata3.00: configured for UDMA/100
[   19.765059] ata1.00: configured for UDMA/100
[   19.825331] e1000 0000:00:02.0 eth0: (PCI:33MHz:32-bit) 52:54:00:12:34:56
[   19.826237] e1000 0000:00:02.0 eth0: Intel(R) PRO/1000 Network Connection
[   19.827246] e1000e: Intel(R) PRO/1000 Network Driver
[   19.827847] e1000e: Copyright(c) 1999 - 2015 Intel Corporation.
[   19.829250] mkiss: AX.25 Multikiss, Hans Albas PE1AYX
[   19.830021] AX.25: 6pack driver, Revision: 0.3.0
[   19.830722] AX.25: bpqether driver version 004
[   19.831351] PPP generic driver version 2.4.2
[   19.832728] PPP BSD Compression module registered
[   19.833448] PPP Deflate Compression module registered
[   19.834209] PPP MPPE Compression module registered
[   19.834900] NET: Registered PF_PPPOX protocol family
[   19.835673] PPTP driver version 0.8.5
[   19.836420] SLIP: version 0.8.4-NET3.019-NEWTTY (dynamic channels, max=256) (6 bit encapsulation enabled).
[   19.837788] CSLIP: code copyright 1989 Regents of the University of California.
[   19.838855] SLIP linefill/keepalive option.
[   19.839480] hdlc: HDLC support module revision 1.22
[   19.840184] LAPB Ethernet driver version 0.02
[   19.841164] usbcore: registered new interface driver ath9k_htc
[   19.842113] usbcore: registered new interface driver carl9170
[   19.843138] usbcore: registered new interface driver ath10k_usb
[   19.844060] usbcore: registered new interface driver rndis_wlan
[   19.845106] mac80211_hwsim: initializing netlink
[   19.868972] mac802154_hwsim mac802154_hwsim: Added 2 mac802154 hwsim hardware radios
[   19.870062] VMware vmxnet3 virtual NIC driver - version 1.7.0.0-k-NAPI
[   19.871090] pegasus: Pegasus/Pegasus II USB Ethernet driver
[   19.871869] usbcore: registered new interface driver pegasus
[   19.872668] usbcore: registered new interface driver rtl8150
[   19.873443] usbcore: registered new interface driver r8152
[   19.874181] usbcore: registered new interface driver asix
[   19.874929] usbcore: registered new interface driver ax88179_178a
[   19.875759] usbcore: registered new interface driver cdc_ether
[   19.876546] usbcore: registered new interface driver dm9601
[   19.877289] usbcore: registered new interface driver smsc75xx
[   19.878079] usbcore: registered new interface driver smsc95xx
[   19.878849] usbcore: registered new interface driver net1080
[   19.879621] usbcore: registered new interface driver rndis_host
[   19.880434] usbcore: registered new interface driver cdc_subset
[   19.881226] usbcore: registered new interface driver zaurus
[   19.882043] usbcore: registered new interface driver MOSCHIP usb-ethernet driver
[   19.883029] usbcore: registered new interface driver cdc_ncm
[   19.883808] usbcore: registered new interface driver cdc_mbim
[   19.884596] usbcore: registered new interface driver r8153_ecm
[   19.888524] VFIO - User Level meta-driver version: 0.3
[   19.892553] aoe: AoE v85 initialised.
[   19.895120] usbcore: registered new interface driver cdc_acm
[   19.895900] cdc_acm: USB Abstract Control Model driver for USB modems and ISDN adapters
[   19.897034] usbcore: registered new interface driver usblp
[   19.897853] usbcore: registered new interface driver cdc_wdm
[   19.899158] usbcore: registered new interface driver uas
[   19.899991] usbcore: registered new interface driver usb-storage
[   19.900898] usbcore: registered new interface driver ums-realtek
[   19.901958] usbcore: registered new interface driver usbserial_generic
[   19.903080] usbserial: USB Serial support registered for generic
[   19.903999] usbcore: registered new interface driver ch341
[   19.904832] usbserial: USB Serial support registered for ch341-uart
[   19.905675] usbcore: registered new interface driver cp210x
[   19.906434] usbserial: USB Serial support registered for cp210x
[   19.907218] usbcore: registered new interface driver ftdi_sio
[   19.908052] usbserial: USB Serial support registered for FTDI USB Serial Device
[   19.908999] usbcore: registered new interface driver keyspan
[   19.909751] usbserial: USB Serial support registered for Keyspan - (without firmware)
[   19.910788] usbserial: USB Serial support registered for Keyspan 1 port adapter
[   19.911824] usbserial: USB Serial support registered for Keyspan 2 port adapter
[   19.912930] usbserial: USB Serial support registered for Keyspan 4 port adapter
[   19.913997] usbcore: registered new interface driver option
[   19.914821] usbserial: USB Serial support registered for GSM modem (1-port)
[   19.915829] usbcore: registered new interface driver oti6858
[   19.916659] usbserial: USB Serial support registered for oti6858
[   19.917544] usbcore: registered new interface driver pl2303
[   19.918344] usbserial: USB Serial support registered for pl2303
[   19.919212] usbcore: registered new interface driver qcserial
[   19.919973] usbserial: USB Serial support registered for Qualcomm USB modem
[   19.920900] usbcore: registered new interface driver sierra
[   19.921653] usbserial: USB Serial support registered for Sierra USB modem
[   19.922546] usbcore: registered new interface driver usb_serial_simple
[   19.923426] usbserial: USB Serial support registered for carelink
[   19.924250] usbserial: USB Serial support registered for zio
[   19.925072] usbserial: USB Serial support registered for funsoft
[   19.925876] usbserial: USB Serial support registered for flashloader
[   19.926716] usbserial: USB Serial support registered for google
[   19.927497] usbserial: USB Serial support registered for libtransistor
[   19.928342] usbserial: USB Serial support registered for vivopay
[   19.929178] usbserial: USB Serial support registered for moto_modem
[   19.930085] usbserial: USB Serial support registered for motorola_tetra
[   19.931036] usbserial: USB Serial support registered for nokia
[   19.931880] usbserial: USB Serial support registered for novatel_gps
[   19.932796] usbserial: USB Serial support registered for hp4x
[   19.933728] usbserial: USB Serial support registered for suunto
[   19.934588] usbserial: USB Serial support registered for siemens_mpi
[   19.936809] dummy_hcd dummy_hcd.0: USB Host+Gadget Emulator, driver 02 May 2005
[   19.937964] dummy_hcd dummy_hcd.0: Dummy host controller
[   19.939769] dummy_hcd dummy_hcd.0: new USB bus registered, assigned bus number 1
[   19.941931] usb usb1: New USB device found, idVendor=1d6b, idProduct=0002, bcdDevice= 6.02
[   19.943153] usb usb1: New USB device strings: Mfr=3, Product=2, SerialNumber=1
[   19.944152] usb usb1: Product: Dummy host controller
[   19.944824] usb usb1: Manufacturer: Linux 6.2.0 dummy_hcd
[   19.945559] usb usb1: SerialNumber: dummy_hcd.0
[   19.948712] hub 1-0:1.0: USB hub found
[   19.949540] hub 1-0:1.0: 1 port detected
[   19.953573] dummy_hcd dummy_hcd.1: USB Host+Gadget Emulator, driver 02 May 2005
[   19.954594] dummy_hcd dummy_hcd.1: Dummy host controller
[   19.955943] dummy_hcd dummy_hcd.1: new USB bus registered, assigned bus number 2
[   19.957854] usb usb2: New USB device found, idVendor=1d6b, idProduct=0002, bcdDevice= 6.02
[   19.959039] usb usb2: New USB device strings: Mfr=3, Product=2, SerialNumber=1
[   19.959905] usb usb2: Product: Dummy host controller
[   19.960520] usb usb2: Manufacturer: Linux 6.2.0 dummy_hcd
[   19.961189] usb usb2: SerialNumber: dummy_hcd.1
[   19.963832] hub 2-0:1.0: USB hub found
[   19.964518] hub 2-0:1.0: 1 port detected
[   19.967318] dummy_hcd dummy_hcd.2: USB Host+Gadget Emulator, driver 02 May 2005
[   19.968264] dummy_hcd dummy_hcd.2: Dummy host controller
[   19.969683] dummy_hcd dummy_hcd.2: new USB bus registered, assigned bus number 3
[   19.971458] usb usb3: New USB device found, idVendor=1d6b, idProduct=0002, bcdDevice= 6.02
[   19.972461] usb usb3: New USB device strings: Mfr=3, Product=2, SerialNumber=1
[   19.973314] usb usb3: Product: Dummy host controller
[   19.973924] usb usb3: Manufacturer: Linux 6.2.0 dummy_hcd
[   19.974582] usb usb3: SerialNumber: dummy_hcd.2
[   19.977256] hub 3-0:1.0: USB hub found
[   19.977950] hub 3-0:1.0: 1 port detected
[   19.980699] dummy_hcd dummy_hcd.3: USB Host+Gadget Emulator, driver 02 May 2005
[   19.981721] dummy_hcd dummy_hcd.3: Dummy host controller
[   19.983037] dummy_hcd dummy_hcd.3: new USB bus registered, assigned bus number 4
[   19.984914] usb usb4: New USB device found, idVendor=1d6b, idProduct=0002, bcdDevice= 6.02
[   19.985947] usb usb4: New USB device strings: Mfr=3, Product=2, SerialNumber=1
[   19.986901] usb usb4: Product: Dummy host controller
[   19.987509] usb usb4: Manufacturer: Linux 6.2.0 dummy_hcd
[   19.988147] usb usb4: SerialNumber: dummy_hcd.3
[   19.990500] hub 4-0:1.0: USB hub found
[   19.991150] hub 4-0:1.0: 1 port detected
[   19.993942] dummy_hcd dummy_hcd.4: USB Host+Gadget Emulator, driver 02 May 2005
[   19.994972] dummy_hcd dummy_hcd.4: Dummy host controller
[   19.996349] dummy_hcd dummy_hcd.4: new USB bus registered, assigned bus number 5
[   19.998289] usb usb5: New USB device found, idVendor=1d6b, idProduct=0002, bcdDevice= 6.02
[   19.999307] usb usb5: New USB device strings: Mfr=3, Product=2, SerialNumber=1
[   20.000187] usb usb5: Product: Dummy host controller
[   20.000788] usb usb5: Manufacturer: Linux 6.2.0 dummy_hcd
[   20.001454] usb usb5: SerialNumber: dummy_hcd.4
[   20.003995] hub 5-0:1.0: USB hub found
[   20.004708] hub 5-0:1.0: 1 port detected
[   20.007260] dummy_hcd dummy_hcd.5: USB Host+Gadget Emulator, driver 02 May 2005
[   20.008313] dummy_hcd dummy_hcd.5: Dummy host controller
[   20.009681] dummy_hcd dummy_hcd.5: new USB bus registered, assigned bus number 6
[   20.011585] usb usb6: New USB device found, idVendor=1d6b, idProduct=0002, bcdDevice= 6.02
[   20.012590] usb usb6: New USB device strings: Mfr=3, Product=2, SerialNumber=1
[   20.013465] usb usb6: Product: Dummy host controller
[   20.014054] usb usb6: Manufacturer: Linux 6.2.0 dummy_hcd
[   20.014706] usb usb6: SerialNumber: dummy_hcd.5
[   20.017068] hub 6-0:1.0: USB hub found
[   20.017922] hub 6-0:1.0: 1 port detected
[   20.020393] dummy_hcd dummy_hcd.6: USB Host+Gadget Emulator, driver 02 May 2005
[   20.021421] dummy_hcd dummy_hcd.6: Dummy host controller
[   20.022807] dummy_hcd dummy_hcd.6: new USB bus registered, assigned bus number 7
[   20.024720] usb usb7: New USB device found, idVendor=1d6b, idProduct=0002, bcdDevice= 6.02
[   20.025818] usb usb7: New USB device strings: Mfr=3, Product=2, SerialNumber=1
[   20.026795] usb usb7: Product: Dummy host controller
[   20.027469] usb usb7: Manufacturer: Linux 6.2.0 dummy_hcd
[   20.028173] usb usb7: SerialNumber: dummy_hcd.6
[   20.030934] hub 7-0:1.0: USB hub found
[   20.031574] hub 7-0:1.0: 1 port detected
[   20.034152] dummy_hcd dummy_hcd.7: USB Host+Gadget Emulator, driver 02 May 2005
[   20.035178] dummy_hcd dummy_hcd.7: Dummy host controller
[   20.036632] dummy_hcd dummy_hcd.7: new USB bus registered, assigned bus number 8
[   20.038427] usb usb8: New USB device found, idVendor=1d6b, idProduct=0002, bcdDevice= 6.02
[   20.039429] usb usb8: New USB device strings: Mfr=3, Product=2, SerialNumber=1
[   20.040282] usb usb8: Product: Dummy host controller
[   20.040880] usb usb8: Manufacturer: Linux 6.2.0 dummy_hcd
[   20.041553] usb usb8: SerialNumber: dummy_hcd.7
[   20.044126] hub 8-0:1.0: USB hub found
[   20.045001] hub 8-0:1.0: 1 port detected
[   20.056593] vhci_hcd vhci_hcd.0: USB/IP Virtual Host Controller
[   20.058190] vhci_hcd vhci_hcd.0: new USB bus registered, assigned bus number 9
[   20.059726] vhci_hcd: created sysfs vhci_hcd.0
[   20.061264] usb usb9: New USB device found, idVendor=1d6b, idProduct=0002, bcdDevice= 6.02
[   20.062488] usb usb9: New USB device strings: Mfr=3, Product=2, SerialNumber=1
[   20.063591] usb usb9: Product: USB/IP Virtual Host Controller
[   20.064441] usb usb9: Manufacturer: Linux 6.2.0 vhci_hcd
[   20.065199] usb usb9: SerialNumber: vhci_hcd.0
[   20.068339] hub 9-0:1.0: USB hub found
[   20.069349] hub 9-0:1.0: 8 ports detected
[   20.077249] vhci_hcd vhci_hcd.0: USB/IP Virtual Host Controller
[   20.078965] vhci_hcd vhci_hcd.0: new USB bus registered, assigned bus number 10
[   20.080473] usb usb10: We don't know the algorithms for LPM for this host, disabling LPM.
[   20.082564] usb usb10: New USB device found, idVendor=1d6b, idProduct=0003, bcdDevice= 6.02
[   20.083620] usb usb10: New USB device strings: Mfr=3, Product=2, SerialNumber=1
[   20.084706] usb usb10: Product: USB/IP Virtual Host Controller
[   20.085409] usb usb10: Manufacturer: Linux 6.2.0 vhci_hcd
[   20.086058] usb usb10: SerialNumber: vhci_hcd.0
[   20.088937] hub 10-0:1.0: USB hub found
[   20.089794] hub 10-0:1.0: 8 ports detected
[   20.098230] vhci_hcd vhci_hcd.1: USB/IP Virtual Host Controller
[   20.100077] vhci_hcd vhci_hcd.1: new USB bus registered, assigned bus number 11
[   20.101888] usb usb11: New USB device found, idVendor=1d6b, idProduct=0002, bcdDevice= 6.02
[   20.103144] usb usb11: New USB device strings: Mfr=3, Product=2, SerialNumber=1
[   20.104017] usb usb11: Product: USB/IP Virtual Host Controller
[   20.104714] usb usb11: Manufacturer: Linux 6.2.0 vhci_hcd
[   20.105348] usb usb11: SerialNumber: vhci_hcd.1
[   20.107710] hub 11-0:1.0: USB hub found
[   20.108443] hub 11-0:1.0: 8 ports detected
[   20.114989] vhci_hcd vhci_hcd.1: USB/IP Virtual Host Controller
[   20.116511] vhci_hcd vhci_hcd.1: new USB bus registered, assigned bus number 12
[   20.117689] usb usb12: We don't know the algorithms for LPM for this host, disabling LPM.
[   20.119607] usb usb12: New USB device found, idVendor=1d6b, idProduct=0003, bcdDevice= 6.02
[   20.120606] usb usb12: New USB device strings: Mfr=3, Product=2, SerialNumber=1
[   20.121477] usb usb12: Product: USB/IP Virtual Host Controller
[   20.122174] usb usb12: Manufacturer: Linux 6.2.0 vhci_hcd
[   20.122826] usb usb12: SerialNumber: vhci_hcd.1
[   20.125130] hub 12-0:1.0: USB hub found
[   20.125916] hub 12-0:1.0: 8 ports detected
[   20.134123] vhci_hcd vhci_hcd.2: USB/IP Virtual Host Controller
[   20.135666] vhci_hcd vhci_hcd.2: new USB bus registered, assigned bus number 13
[   20.137564] usb usb13: New USB device found, idVendor=1d6b, idProduct=0002, bcdDevice= 6.02
[   20.138841] usb usb13: New USB device strings: Mfr=3, Product=2, SerialNumber=1
[   20.139722] usb usb13: Product: USB/IP Virtual Host Controller
[   20.140427] usb usb13: Manufacturer: Linux 6.2.0 vhci_hcd
[   20.141109] usb usb13: SerialNumber: vhci_hcd.2
[   20.144032] hub 13-0:1.0: USB hub found
[   20.144849] hub 13-0:1.0: 8 ports detected
[   20.151311] vhci_hcd vhci_hcd.2: USB/IP Virtual Host Controller
[   20.152943] vhci_hcd vhci_hcd.2: new USB bus registered, assigned bus number 14
[   20.154295] usb usb14: We don't know the algorithms for LPM for this host, disabling LPM.
[   20.156316] usb usb14: New USB device found, idVendor=1d6b, idProduct=0003, bcdDevice= 6.02
[   20.157537] usb usb14: New USB device strings: Mfr=3, Product=2, SerialNumber=1
[   20.158635] usb usb14: Product: USB/IP Virtual Host Controller
[   20.159441] usb usb14: Manufacturer: Linux 6.2.0 vhci_hcd
[   20.160131] usb usb14: SerialNumber: vhci_hcd.2
[   20.162873] hub 14-0:1.0: USB hub found
[   20.163527] hub 14-0:1.0: 8 ports detected
[   20.171309] vhci_hcd vhci_hcd.3: USB/IP Virtual Host Controller
[   20.172747] vhci_hcd vhci_hcd.3: new USB bus registered, assigned bus number 15
[   20.174619] usb usb15: New USB device found, idVendor=1d6b, idProduct=0002, bcdDevice= 6.02
[   20.175911] usb usb15: New USB device strings: Mfr=3, Product=2, SerialNumber=1
[   20.176799] usb usb15: Product: USB/IP Virtual Host Controller
[   20.177503] usb usb15: Manufacturer: Linux 6.2.0 vhci_hcd
[   20.178151] usb usb15: SerialNumber: vhci_hcd.3
[   20.180518] hub 15-0:1.0: USB hub found
[   20.181154] hub 15-0:1.0: 8 ports detected
[   20.187623] vhci_hcd vhci_hcd.3: USB/IP Virtual Host Controller
[   20.189722] vhci_hcd vhci_hcd.3: new USB bus registered, assigned bus number 16
[   20.191147] usb usb16: We don't know the algorithms for LPM for this host, disabling LPM.
[   20.193199] usb usb16: New USB device found, idVendor=1d6b, idProduct=0003, bcdDevice= 6.02
[   20.194401] usb usb16: New USB device strings: Mfr=3, Product=2, SerialNumber=1
[   20.195356] usb usb16: Product: USB/IP Virtual Host Controller
[   20.196169] usb usb16: Manufacturer: Linux 6.2.0 vhci_hcd
[   20.196831] usb usb16: SerialNumber: vhci_hcd.3
[   20.199834] hub 16-0:1.0: USB hub found
[   20.200493] hub 16-0:1.0: 8 ports detected
[   20.208658] vhci_hcd vhci_hcd.4: USB/IP Virtual Host Controller
[   20.210468] vhci_hcd vhci_hcd.4: new USB bus registered, assigned bus number 17
[   20.212247] usb usb17: New USB device found, idVendor=1d6b, idProduct=0002, bcdDevice= 6.02
[   20.213269] usb usb17: New USB device strings: Mfr=3, Product=2, SerialNumber=1
[   20.214444] usb usb17: Product: USB/IP Virtual Host Controller
[   20.215131] usb usb17: Manufacturer: Linux 6.2.0 vhci_hcd
[   20.215782] usb usb17: SerialNumber: vhci_hcd.4
[   20.218521] hub 17-0:1.0: USB hub found
[   20.219202] hub 17-0:1.0: 8 ports detected
[   20.225638] vhci_hcd vhci_hcd.4: USB/IP Virtual Host Controller
[   20.227319] vhci_hcd vhci_hcd.4: new USB bus registered, assigned bus number 18
[   20.228936] usb usb18: We don't know the algorithms for LPM for this host, disabling LPM.
[   20.230924] usb usb18: New USB device found, idVendor=1d6b, idProduct=0003, bcdDevice= 6.02
[   20.232136] usb usb18: New USB device strings: Mfr=3, Product=2, SerialNumber=1
[   20.233271] usb usb18: Product: USB/IP Virtual Host Controller
[   20.234120] usb usb18: Manufacturer: Linux 6.2.0 vhci_hcd
[   20.234903] usb usb18: SerialNumber: vhci_hcd.4
[   20.237860] hub 18-0:1.0: USB hub found
[   20.238645] hub 18-0:1.0: 8 ports detected
[   20.246705] vhci_hcd vhci_hcd.5: USB/IP Virtual Host Controller
[   20.248094] vhci_hcd vhci_hcd.5: new USB bus registered, assigned bus number 19
[   20.250028] usb usb19: New USB device found, idVendor=1d6b, idProduct=0002, bcdDevice= 6.02
[   20.251207] usb usb19: New USB device strings: Mfr=3, Product=2, SerialNumber=1
[   20.252468] usb usb19: Product: USB/IP Virtual Host Controller
[   20.253289] usb usb19: Manufacturer: Linux 6.2.0 vhci_hcd
[   20.254068] usb usb19: SerialNumber: vhci_hcd.5
[   20.256876] hub 19-0:1.0: USB hub found
[   20.257630] hub 19-0:1.0: 8 ports detected
[   20.264258] vhci_hcd vhci_hcd.5: USB/IP Virtual Host Controller
[   20.265904] vhci_hcd vhci_hcd.5: new USB bus registered, assigned bus number 20
[   20.267294] usb usb20: We don't know the algorithms for LPM for this host, disabling LPM.
[   20.269334] usb usb20: New USB device found, idVendor=1d6b, idProduct=0003, bcdDevice= 6.02
[   20.270555] usb usb20: New USB device strings: Mfr=3, Product=2, SerialNumber=1
[   20.271614] usb usb20: Product: USB/IP Virtual Host Controller
[   20.272472] usb usb20: Manufacturer: Linux 6.2.0 vhci_hcd
[   20.273247] usb usb20: SerialNumber: vhci_hcd.5
[   20.275951] hub 20-0:1.0: USB hub found
[   20.276728] hub 20-0:1.0: 8 ports detected
[   20.284806] vhci_hcd vhci_hcd.6: USB/IP Virtual Host Controller
[   20.286436] vhci_hcd vhci_hcd.6: new USB bus registered, assigned bus number 21
[   20.288514] usb usb21: New USB device found, idVendor=1d6b, idProduct=0002, bcdDevice= 6.02
[   20.289910] usb usb21: New USB device strings: Mfr=3, Product=2, SerialNumber=1
[   20.290956] usb usb21: Product: USB/IP Virtual Host Controller
[   20.291805] usb usb21: Manufacturer: Linux 6.2.0 vhci_hcd
[   20.292598] usb usb21: SerialNumber: vhci_hcd.6
[   20.295304] hub 21-0:1.0: USB hub found
[   20.296094] hub 21-0:1.0: 8 ports detected
[   20.302781] vhci_hcd vhci_hcd.6: USB/IP Virtual Host Controller
[   20.304339] vhci_hcd vhci_hcd.6: new USB bus registered, assigned bus number 22
[   20.305862] usb usb22: We don't know the algorithms for LPM for this host, disabling LPM.
[   20.307816] usb usb22: New USB device found, idVendor=1d6b, idProduct=0003, bcdDevice= 6.02
[   20.309092] usb usb22: New USB device strings: Mfr=3, Product=2, SerialNumber=1
[   20.310060] usb usb22: Product: USB/IP Virtual Host Controller
[   20.310761] usb usb22: Manufacturer: Linux 6.2.0 vhci_hcd
[   20.311485] usb usb22: SerialNumber: vhci_hcd.6
[   20.314070] hub 22-0:1.0: USB hub found
[   20.314909] hub 22-0:1.0: 8 ports detected
[   20.322918] vhci_hcd vhci_hcd.7: USB/IP Virtual Host Controller
[   20.324691] vhci_hcd vhci_hcd.7: new USB bus registered, assigned bus number 23
[   20.326613] usb usb23: New USB device found, idVendor=1d6b, idProduct=0002, bcdDevice= 6.02
[   20.327828] usb usb23: New USB device strings: Mfr=3, Product=2, SerialNumber=1
[   20.328913] usb usb23: Product: USB/IP Virtual Host Controller
[   20.329921] usb usb23: Manufacturer: Linux 6.2.0 vhci_hcd
[   20.330715] usb usb23: SerialNumber: vhci_hcd.7
[   20.333187] hub 23-0:1.0: USB hub found
[   20.333939] hub 23-0:1.0: 8 ports detected
[   20.340288] vhci_hcd vhci_hcd.7: USB/IP Virtual Host Controller
[   20.342043] vhci_hcd vhci_hcd.7: new USB bus registered, assigned bus number 24
[   20.344118] usb usb24: We don't know the algorithms for LPM for this host, disabling LPM.
[   20.345794] usb usb24: New USB device found, idVendor=1d6b, idProduct=0003, bcdDevice= 6.02
[   20.346816] usb usb24: New USB device strings: Mfr=3, Product=2, SerialNumber=1
[   20.347763] usb usb24: Product: USB/IP Virtual Host Controller
[   20.348469] usb usb24: Manufacturer: Linux 6.2.0 vhci_hcd
[   20.349108] usb usb24: SerialNumber: vhci_hcd.7
[   20.351990] hub 24-0:1.0: USB hub found
[   20.352701] hub 24-0:1.0: 8 ports detected
[   20.360790] vhci_hcd vhci_hcd.8: USB/IP Virtual Host Controller
[   20.362402] vhci_hcd vhci_hcd.8: new USB bus registered, assigned bus number 25
[   20.364219] usb usb25: New USB device found, idVendor=1d6b, idProduct=0002, bcdDevice= 6.02
[   20.365235] usb usb25: New USB device strings: Mfr=3, Product=2, SerialNumber=1
[   20.366390] usb usb25: Product: USB/IP Virtual Host Controller
[   20.367083] usb usb25: Manufacturer: Linux 6.2.0 vhci_hcd
[   20.367732] usb usb25: SerialNumber: vhci_hcd.8
[   20.370122] hub 25-0:1.0: USB hub found
[   20.371029] hub 25-0:1.0: 8 ports detected
[   20.377450] vhci_hcd vhci_hcd.8: USB/IP Virtual Host Controller
[   20.378932] vhci_hcd vhci_hcd.8: new USB bus registered, assigned bus number 26
[   20.380149] usb usb26: We don't know the algorithms for LPM for this host, disabling LPM.
[   20.382024] usb usb26: New USB device found, idVendor=1d6b, idProduct=0003, bcdDevice= 6.02
[   20.383252] usb usb26: New USB device strings: Mfr=3, Product=2, SerialNumber=1
[   20.384330] usb usb26: Product: USB/IP Virtual Host Controller
[   20.385190] usb usb26: Manufacturer: Linux 6.2.0 vhci_hcd
[   20.385982] usb usb26: SerialNumber: vhci_hcd.8
[   20.388524] hub 26-0:1.0: USB hub found
[   20.389241] hub 26-0:1.0: 8 ports detected
[   20.397453] vhci_hcd vhci_hcd.9: USB/IP Virtual Host Controller
[   20.399145] vhci_hcd vhci_hcd.9: new USB bus registered, assigned bus number 27
[   20.401216] usb usb27: New USB device found, idVendor=1d6b, idProduct=0002, bcdDevice= 6.02
[   20.402441] usb usb27: New USB device strings: Mfr=3, Product=2, SerialNumber=1
[   20.403696] usb usb27: Product: USB/IP Virtual Host Controller
[   20.404605] usb usb27: Manufacturer: Linux 6.2.0 vhci_hcd
[   20.405427] usb usb27: SerialNumber: vhci_hcd.9
[   20.408289] hub 27-0:1.0: USB hub found
[   20.409052] hub 27-0:1.0: 8 ports detected
[   20.415585] vhci_hcd vhci_hcd.9: USB/IP Virtual Host Controller
[   20.417254] vhci_hcd vhci_hcd.9: new USB bus registered, assigned bus number 28
[   20.418774] usb usb28: We don't know the algorithms for LPM for this host, disabling LPM.
[   20.420728] usb usb28: New USB device found, idVendor=1d6b, idProduct=0003, bcdDevice= 6.02
[   20.421948] usb usb28: New USB device strings: Mfr=3, Product=2, SerialNumber=1
[   20.423089] usb usb28: Product: USB/IP Virtual Host Controller
[   20.423928] usb usb28: Manufacturer: Linux 6.2.0 vhci_hcd
[   20.424720] usb usb28: SerialNumber: vhci_hcd.9
[   20.427213] hub 28-0:1.0: USB hub found
[   20.428138] hub 28-0:1.0: 8 ports detected
[   20.436750] vhci_hcd vhci_hcd.10: USB/IP Virtual Host Controller
[   20.438588] vhci_hcd vhci_hcd.10: new USB bus registered, assigned bus number 29
[   20.440587] usb usb29: New USB device found, idVendor=1d6b, idProduct=0002, bcdDevice= 6.02
[   20.441796] usb usb29: New USB device strings: Mfr=3, Product=2, SerialNumber=1
[   20.442868] usb usb29: Product: USB/IP Virtual Host Controller
[   20.444018] usb usb29: Manufacturer: Linux 6.2.0 vhci_hcd
[   20.444822] usb usb29: SerialNumber: vhci_hcd.10
[   20.447730] hub 29-0:1.0: USB hub found
[   20.448493] hub 29-0:1.0: 8 ports detected
[   20.454957] vhci_hcd vhci_hcd.10: USB/IP Virtual Host Controller
[   20.456638] vhci_hcd vhci_hcd.10: new USB bus registered, assigned bus number 30
[   20.458026] usb usb30: We don't know the algorithms for LPM for this host, disabling LPM.
[   20.460031] usb usb30: New USB device found, idVendor=1d6b, idProduct=0003, bcdDevice= 6.02
[   20.461264] usb usb30: New USB device strings: Mfr=3, Product=2, SerialNumber=1
[   20.462350] usb usb30: Product: USB/IP Virtual Host Controller
[   20.463210] usb usb30: Manufacturer: Linux 6.2.0 vhci_hcd
[   20.464206] usb usb30: SerialNumber: vhci_hcd.10
[   20.467255] hub 30-0:1.0: USB hub found
[   20.468045] hub 30-0:1.0: 8 ports detected
[   20.476230] vhci_hcd vhci_hcd.11: USB/IP Virtual Host Controller
[   20.477931] vhci_hcd vhci_hcd.11: new USB bus registered, assigned bus number 31
[   20.479731] usb usb31: New USB device found, idVendor=1d6b, idProduct=0002, bcdDevice= 6.02
[   20.481247] usb usb31: New USB device strings: Mfr=3, Product=2, SerialNumber=1
[   20.482313] usb usb31: Product: USB/IP Virtual Host Controller
[   20.483170] usb usb31: Manufacturer: Linux 6.2.0 vhci_hcd
[   20.483961] usb usb31: SerialNumber: vhci_hcd.11
[   20.486845] hub 31-0:1.0: USB hub found
[   20.487583] hub 31-0:1.0: 8 ports detected
[   20.494014] vhci_hcd vhci_hcd.11: USB/IP Virtual Host Controller
[   20.496267] vhci_hcd vhci_hcd.11: new USB bus registered, assigned bus number 32
[   20.497750] usb usb32: We don't know the algorithms for LPM for this host, disabling LPM.
[   20.499777] usb usb32: New USB device found, idVendor=1d6b, idProduct=0003, bcdDevice= 6.02
[   20.501022] usb usb32: New USB device strings: Mfr=3, Product=2, SerialNumber=1
[   20.502075] usb usb32: Product: USB/IP Virtual Host Controller
[   20.502924] usb usb32: Manufacturer: Linux 6.2.0 vhci_hcd
[   20.503719] usb usb32: SerialNumber: vhci_hcd.11
[   20.506750] hub 32-0:1.0: USB hub found
[   20.507494] hub 32-0:1.0: 8 ports detected
[   20.515552] vhci_hcd vhci_hcd.12: USB/IP Virtual Host Controller
[   20.517214] vhci_hcd vhci_hcd.12: new USB bus registered, assigned bus number 33
[   20.519301] usb usb33: New USB device found, idVendor=1d6b, idProduct=0002, bcdDevice= 6.02
[   20.520538] usb usb33: New USB device strings: Mfr=3, Product=2, SerialNumber=1
[   20.521772] usb usb33: Product: USB/IP Virtual Host Controller
[   20.522630] usb usb33: Manufacturer: Linux 6.2.0 vhci_hcd
[   20.523430] usb usb33: SerialNumber: vhci_hcd.12
[   20.526744] hub 33-0:1.0: USB hub found
[   20.527590] hub 33-0:1.0: 8 ports detected
[   20.533875] vhci_hcd vhci_hcd.12: USB/IP Virtual Host Controller
[   20.535271] vhci_hcd vhci_hcd.12: new USB bus registered, assigned bus number 34
[   20.536684] usb usb34: We don't know the algorithms for LPM for this host, disabling LPM.
[   20.538275] usb usb34: New USB device found, idVendor=1d6b, idProduct=0003, bcdDevice= 6.02
[   20.539548] usb usb34: New USB device strings: Mfr=3, Product=2, SerialNumber=1
[   20.540514] usb usb34: Product: USB/IP Virtual Host Controller
[   20.541272] usb usb34: Manufacturer: Linux 6.2.0 vhci_hcd
[   20.541989] usb usb34: SerialNumber: vhci_hcd.12
[   20.544804] hub 34-0:1.0: USB hub found
[   20.545651] hub 34-0:1.0: 8 ports detected
[   20.553742] vhci_hcd vhci_hcd.13: USB/IP Virtual Host Controller
[   20.555234] vhci_hcd vhci_hcd.13: new USB bus registered, assigned bus number 35
[   20.557264] usb usb35: New USB device found, idVendor=1d6b, idProduct=0002, bcdDevice= 6.02
[   20.558796] usb usb35: New USB device strings: Mfr=3, Product=2, SerialNumber=1
[   20.559835] usb usb35: Product: USB/IP Virtual Host Controller
[   20.560582] usb usb35: Manufacturer: Linux 6.2.0 vhci_hcd
[   20.561222] usb usb35: SerialNumber: vhci_hcd.13
[   20.563866] hub 35-0:1.0: USB hub found
[   20.564500] hub 35-0:1.0: 8 ports detected
[   20.570931] vhci_hcd vhci_hcd.13: USB/IP Virtual Host Controller
[   20.572300] vhci_hcd vhci_hcd.13: new USB bus registered, assigned bus number 36
[   20.573757] usb usb36: We don't know the algorithms for LPM for this host, disabling LPM.
[   20.575339] usb usb36: New USB device found, idVendor=1d6b, idProduct=0003, bcdDevice= 6.02
[   20.576450] usb usb36: New USB device strings: Mfr=3, Product=2, SerialNumber=1
[   20.577302] usb usb36: Product: USB/IP Virtual Host Controller
[   20.578001] usb usb36: Manufacturer: Linux 6.2.0 vhci_hcd
[   20.578655] usb usb36: SerialNumber: vhci_hcd.13
[   20.581673] hub 36-0:1.0: USB hub found
[   20.582291] hub 36-0:1.0: 8 ports detected
[   20.590256] vhci_hcd vhci_hcd.14: USB/IP Virtual Host Controller
[   20.591806] vhci_hcd vhci_hcd.14: new USB bus registered, assigned bus number 37
[   20.593826] usb usb37: New USB device found, idVendor=1d6b, idProduct=0002, bcdDevice= 6.02
[   20.594851] usb usb37: New USB device strings: Mfr=3, Product=2, SerialNumber=1
[   20.595884] usb usb37: Product: USB/IP Virtual Host Controller
[   20.596652] usb usb37: Manufacturer: Linux 6.2.0 vhci_hcd
[   20.597354] usb usb37: SerialNumber: vhci_hcd.14
[   20.600638] hub 37-0:1.0: USB hub found
[   20.601340] hub 37-0:1.0: 8 ports detected
[   20.607560] vhci_hcd vhci_hcd.14: USB/IP Virtual Host Controller
[   20.609040] vhci_hcd vhci_hcd.14: new USB bus registered, assigned bus number 38
[   20.610292] usb usb38: We don't know the algorithms for LPM for this host, disabling LPM.
[   20.612249] usb usb38: New USB device found, idVendor=1d6b, idProduct=0003, bcdDevice= 6.02
[   20.613259] usb usb38: New USB device strings: Mfr=3, Product=2, SerialNumber=1
[   20.614148] usb usb38: Product: USB/IP Virtual Host Controller
[   20.614851] usb usb38: Manufacturer: Linux 6.2.0 vhci_hcd
[   20.615508] usb usb38: SerialNumber: vhci_hcd.14
[   20.618401] hub 38-0:1.0: USB hub found
[   20.619066] hub 38-0:1.0: 8 ports detected
[   20.626892] vhci_hcd vhci_hcd.15: USB/IP Virtual Host Controller
[   20.628354] vhci_hcd vhci_hcd.15: new USB bus registered, assigned bus number 39
[   20.630159] usb usb39: New USB device found, idVendor=1d6b, idProduct=0002, bcdDevice= 6.02
[   20.631181] usb usb39: New USB device strings: Mfr=3, Product=2, SerialNumber=1
[   20.632338] usb usb39: Product: USB/IP Virtual Host Controller
[   20.633061] usb usb39: Manufacturer: Linux 6.2.0 vhci_hcd
[   20.633709] usb usb39: SerialNumber: vhci_hcd.15
[   20.636767] hub 39-0:1.0: USB hub found
[   20.637459] hub 39-0:1.0: 8 ports detected
[   20.643793] vhci_hcd vhci_hcd.15: USB/IP Virtual Host Controller
[   20.645541] vhci_hcd vhci_hcd.15: new USB bus registered, assigned bus number 40
[   20.646708] usb usb40: We don't know the algorithms for LPM for this host, disabling LPM.
[   20.648651] usb usb40: New USB device found, idVendor=1d6b, idProduct=0003, bcdDevice= 6.02
[   20.649700] usb usb40: New USB device strings: Mfr=3, Product=2, SerialNumber=1
[   20.650576] usb usb40: Product: USB/IP Virtual Host Controller
[   20.651264] usb usb40: Manufacturer: Linux 6.2.0 vhci_hcd
[   20.651913] usb usb40: SerialNumber: vhci_hcd.15
[   20.654705] hub 40-0:1.0: USB hub found
[   20.655403] hub 40-0:1.0: 8 ports detected
[   20.663509] usbcore: registered new device driver usbip-host
[   20.665990] i8042: PNP: PS/2 Controller [PNP0303:KBD,PNP0f13:MOU] at 0x60,0x64 irq 1,12
[   20.668569] serio: i8042 KBD port at 0x60,0x64 irq 1
[   20.670193] serio: i8042 AUX port at 0x60,0x64 irq 12
[   20.672500] mousedev: PS/2 mouse device common for all mice
[   20.675531] input: AT Translated Set 2 keyboard as /devices/platform/i8042/serio0/input/input1
[   20.677970] usbcore: registered new interface driver xpad
[   20.680740] rtc_cmos 00:04: RTC can wake from S4
[   20.685324] rtc_cmos 00:04: registered as rtc0
[   20.685963] rtc_cmos 00:04: alarms up to one day, y3k, 242 bytes nvram, hpet irqs
[   20.687040] i2c_dev: i2c /dev entries driver
[   20.688739] usbcore: registered new interface driver uvcvideo
[   20.690449] vicodec vicodec.0: Device 'stateful-encoder' registered as /dev/video0
[   20.691820] vicodec vicodec.0: Device 'stateful-decoder' registered as /dev/video1
[   20.693247] vicodec vicodec.0: Device 'stateless-decoder' registered as /dev/video2
[   20.695743] vim2m vim2m.0: Device registered as /dev/video0
[   20.712467] vivid-000: using single planar format API
[   20.724737] vivid-000: CEC adapter cec0 registered for HDMI input 0
[   20.726173] vivid-000: V4L2 capture device registered as video7
[   20.727570] vivid-000: CEC adapter cec1 registered for HDMI output 0
[   20.729017] vivid-000: V4L2 output device registered as video8
[   20.730340] vivid-000: V4L2 capture device registered as vbi0, supports raw and sliced VBI
[   20.731873] vivid-000: V4L2 output device registered as vbi1, supports raw and sliced VBI
[   20.733531] vivid-000: V4L2 capture device registered as swradio0
[   20.734790] vivid-000: V4L2 receiver device registered as radio0
[   20.736039] vivid-000: V4L2 transmitter device registered as radio1
[   20.737329] vivid-000: V4L2 metadata capture device registered as video9
[   20.738583] vivid-000: V4L2 metadata output device registered as video10
[   20.739978] vivid-000: V4L2 touch capture device registered as v4l-touch0
[   20.741457] vivid-001: using multiplanar format API
[   20.752655] vivid-001: CEC adapter cec2 registered for HDMI input 0
[   20.754068] vivid-001: V4L2 capture device registered as video11
[   20.755449] vivid-001: CEC adapter cec3 registered for HDMI output 0
[   20.756818] vivid-001: V4L2 output device registered as video12
[   20.758220] vivid-001: V4L2 capture device registered as vbi2, supports raw and sliced VBI
[   20.759938] vivid-001: V4L2 output device registered as vbi3, supports raw and sliced VBI
[   20.761654] vivid-001: V4L2 capture device registered as swradio1
[   20.763094] vivid-001: V4L2 receiver device registered as radio2
[   20.764446] vivid-001: V4L2 transmitter device registered as radio3
[   20.765791] vivid-001: V4L2 metadata capture device registered as video13
[   20.767287] vivid-001: V4L2 metadata output device registered as video14
[   20.768731] vivid-001: V4L2 touch capture device registered as v4l-touch1
[   20.770473] vivid-002: using single planar format API
[   20.781820] vivid-002: CEC adapter cec4 registered for HDMI input 0
[   20.783250] vivid-002: V4L2 capture device registered as video15
[   20.784594] vivid-002: CEC adapter cec5 registered for HDMI output 0
[   20.786092] vivid-002: V4L2 output device registered as video16
[   20.787486] vivid-002: V4L2 capture device registered as vbi4, supports raw and sliced VBI
[   20.789122] vivid-002: V4L2 output device registered as vbi5, supports raw and sliced VBI
[   20.790840] vivid-002: V4L2 capture device registered as swradio2
[   20.792331] vivid-002: V4L2 receiver device registered as radio4
[   20.793699] vivid-002: V4L2 transmitter device registered as radio5
[   20.795059] vivid-002: V4L2 metadata capture device registered as video17
[   20.796490] vivid-002: V4L2 metadata output device registered as video18
[   20.797907] vivid-002: V4L2 touch capture device registered as v4l-touch2
[   20.799483] vivid-003: using multiplanar format API
[   20.811298] vivid-003: CEC adapter cec6 registered for HDMI input 0
[   20.812812] vivid-003: V4L2 capture device registered as video19
[   20.814271] vivid-003: CEC adapter cec7 registered for HDMI output 0
[   20.815771] vivid-003: V4L2 output device registered as video20
[   20.817138] vivid-003: V4L2 capture device registered as vbi6, supports raw and sliced VBI
[   20.818998] vivid-003: V4L2 output device registered as vbi7, supports raw and sliced VBI
[   20.820681] vivid-003: V4L2 capture device registered as swradio3
[   20.822167] vivid-003: V4L2 receiver device registered as radio6
[   20.823527] vivid-003: V4L2 transmitter device registered as radio7
[   20.824899] vivid-003: V4L2 metadata capture device registered as video21
[   20.826535] vivid-003: V4L2 metadata output device registered as video22
[   20.828057] vivid-003: V4L2 touch capture device registered as v4l-touch3
[   20.829530] vivid-004: using single planar format API
[   20.841291] vivid-004: CEC adapter cec8 registered for HDMI input 0
[   20.842861] vivid-004: V4L2 capture device registered as video23
[   20.844263] vivid-004: CEC adapter cec9 registered for HDMI output 0
[   20.845717] vivid-004: V4L2 output device registered as video24
[   20.847071] vivid-004: V4L2 capture device registered as vbi8, supports raw and sliced VBI
[   20.848747] vivid-004: V4L2 output device registered as vbi9, supports raw and sliced VBI
[   20.850423] vivid-004: V4L2 capture device registered as swradio4
[   20.851733] vivid-004: V4L2 receiver device registered as radio8
[   20.853035] vivid-004: V4L2 transmitter device registered as radio9
[   20.854417] vivid-004: V4L2 metadata capture device registered as video25
[   20.855843] vivid-004: V4L2 metadata output device registered as video26
[   20.857309] vivid-004: V4L2 touch capture device registered as v4l-touch4
[   20.858983] vivid-005: using multiplanar format API
[   20.870295] vivid-005: CEC adapter cec10 registered for HDMI input 0
[   20.871729] vivid-005: V4L2 capture device registered as video27
[   20.873076] vivid-005: CEC adapter cec11 registered for HDMI output 0
[   20.874562] vivid-005: V4L2 output device registered as video28
[   20.875914] vivid-005: V4L2 capture device registered as vbi10, supports raw and sliced VBI
[   20.877627] vivid-005: V4L2 output device registered as vbi11, supports raw and sliced VBI
[   20.879317] vivid-005: V4L2 capture device registered as swradio5
[   20.880774] vivid-005: V4L2 receiver device registered as radio10
[   20.882154] vivid-005: V4L2 transmitter device registered as radio11
[   20.883526] vivid-005: V4L2 metadata capture device registered as video29
[   20.884944] vivid-005: V4L2 metadata output device registered as video30
[   20.886392] vivid-005: V4L2 touch capture device registered as v4l-touch5
[   20.887792] vivid-006: using single planar format API
[   20.899871] vivid-006: CEC adapter cec12 registered for HDMI input 0
[   20.901202] vivid-006: V4L2 capture device registered as video31
[   20.902427] vivid-006: CEC adapter cec13 registered for HDMI output 0
[   20.903645] vivid-006: V4L2 output device registered as video32
[   20.904787] vivid-006: V4L2 capture device registered as vbi12, supports raw and sliced VBI
[   20.906235] vivid-006: V4L2 output device registered as vbi13, supports raw and sliced VBI
[   20.907675] vivid-006: V4L2 capture device registered as swradio6
[   20.908917] vivid-006: V4L2 receiver device registered as radio12
[   20.910149] vivid-006: V4L2 transmitter device registered as radio13
[   20.911338] vivid-006: V4L2 metadata capture device registered as video33
[   20.912608] vivid-006: V4L2 metadata output device registered as video34
[   20.913887] vivid-006: V4L2 touch capture device registered as v4l-touch6
[   20.915134] vivid-007: using multiplanar format API
[   20.925651] vivid-007: CEC adapter cec14 registered for HDMI input 0
[   20.926995] vivid-007: V4L2 capture device registered as video35
[   20.928500] vivid-007: CEC adapter cec15 registered for HDMI output 0
[   20.930190] vivid-007: V4L2 output device registered as video36
[   20.931457] vivid-007: V4L2 capture device registered as vbi14, supports raw and sliced VBI
[   20.932927] vivid-007: V4L2 output device registered as vbi15, supports raw and sliced VBI
[   20.934401] vivid-007: V4L2 capture device registered as swradio7
[   20.935557] vivid-007: V4L2 receiver device registered as radio14
[   20.936733] vivid-007: V4L2 transmitter device registered as radio15
[   20.937973] vivid-007: V4L2 metadata capture device registered as video37
[   20.939340] vivid-007: V4L2 metadata output device registered as video38
[   20.940604] vivid-007: V4L2 touch capture device registered as v4l-touch7
[   20.941891] vivid-008: using single planar format API
[   20.952825] vivid-008: CEC adapter cec16 registered for HDMI input 0
[   20.954480] vivid-008: V4L2 capture device registered as video39
[   20.955935] vivid-008: CEC adapter cec17 registered for HDMI output 0
[   20.957282] vivid-008: V4L2 output device registered as video40
[   20.958653] vivid-008: V4L2 capture device registered as vbi16, supports raw and sliced VBI
[   20.960245] vivid-008: V4L2 output device registered as vbi17, supports raw and sliced VBI
[   20.961938] vivid-008: V4L2 capture device registered as swradio8
[   20.963498] vivid-008: V4L2 receiver device registered as radio16
[   20.964670] vivid-008: V4L2 transmitter device registered as radio17
[   20.965886] vivid-008: V4L2 metadata capture device registered as video41
[   20.967248] vivid-008: V4L2 metadata output device registered as video42
[   20.968486] vivid-008: V4L2 touch capture device registered as v4l-touch8
[   20.969776] vivid-009: using multiplanar format API
[   20.980454] vivid-009: CEC adapter cec18 registered for HDMI input 0
[   20.981773] vivid-009: V4L2 capture device registered as video43
[   20.982990] vivid-009: CEC adapter cec19 registered for HDMI output 0
[   20.984233] vivid-009: V4L2 output device registered as video44
[   20.985596] vivid-009: V4L2 capture device registered as vbi18, supports raw and sliced VBI
[   20.987122] vivid-009: V4L2 output device registered as vbi19, supports raw and sliced VBI
[   20.988714] vivid-009: V4L2 capture device registered as swradio9
[   20.989905] vivid-009: V4L2 receiver device registered as radio18
[   20.991100] vivid-009: V4L2 transmitter device registered as radio19
[   20.992640] vivid-009: V4L2 metadata capture device registered as video45
[   20.993964] vivid-009: V4L2 metadata output device registered as video46
[   20.995276] vivid-009: V4L2 touch capture device registered as v4l-touch9
[   20.996962] vivid-010: using single planar format API
[   21.007996] vivid-010: CEC adapter cec20 registered for HDMI input 0
[   21.009650] vivid-010: V4L2 capture device registered as video47
[   21.011029] vivid-010: CEC adapter cec21 registered for HDMI output 0
[   21.012565] vivid-010: V4L2 output device registered as video48
[   21.013958] vivid-010: V4L2 capture device registered as vbi20, supports raw and sliced VBI
[   21.015596] vivid-010: V4L2 output device registered as vbi21, supports raw and sliced VBI
[   21.017224] vivid-010: V4L2 capture device registered as swradio10
[   21.018581] vivid-010: V4L2 receiver device registered as radio20
[   21.019829] vivid-010: V4L2 transmitter device registered as radio21
[   21.021166] vivid-010: V4L2 metadata capture device registered as video49
[   21.022523] vivid-010: V4L2 metadata output device registered as video50
[   21.023850] vivid-010: V4L2 touch capture device registered as v4l-touch10
[   21.025273] vivid-011: using multiplanar format API
[   21.035952] vivid-011: CEC adapter cec22 registered for HDMI input 0
[   21.037341] vivid-011: V4L2 capture device registered as video51
[   21.038773] vivid-011: CEC adapter cec23 registered for HDMI output 0
[   21.040103] vivid-011: V4L2 output device registered as video52
[   21.041457] vivid-011: V4L2 capture device registered as vbi22, supports raw and sliced VBI
[   21.043032] vivid-011: V4L2 output device registered as vbi23, supports raw and sliced VBI
[   21.044600] vivid-011: V4L2 capture device registered as swradio11
[   21.045977] vivid-011: V4L2 receiver device registered as radio22
[   21.047334] vivid-011: V4L2 transmitter device registered as radio23
[   21.048636] vivid-011: V4L2 metadata capture device registered as video53
[   21.050322] vivid-011: V4L2 metadata output device registered as video54
[   21.051652] vivid-011: V4L2 touch capture device registered as v4l-touch11
[   21.052951] vivid-012: using single planar format API
[   21.063555] vivid-012: CEC adapter cec24 registered for HDMI input 0
[   21.064925] vivid-012: V4L2 capture device registered as video55
[   21.066219] vivid-012: CEC adapter cec25 registered for HDMI output 0
[   21.067588] vivid-012: V4L2 output device registered as video56
[   21.068890] vivid-012: V4L2 capture device registered as vbi24, supports raw and sliced VBI
[   21.070491] vivid-012: V4L2 output device registered as vbi25, supports raw and sliced VBI
[   21.072045] vivid-012: V4L2 capture device registered as swradio12
[   21.073330] vivid-012: V4L2 receiver device registered as radio24
[   21.074654] vivid-012: V4L2 transmitter device registered as radio25
[   21.076065] vivid-012: V4L2 metadata capture device registered as video57
[   21.077514] vivid-012: V4L2 metadata output device registered as video58
[   21.078929] vivid-012: V4L2 touch capture device registered as v4l-touch12
[   21.080208] vivid-013: using multiplanar format API
[   21.091135] vivid-013: CEC adapter cec26 registered for HDMI input 0
[   21.092542] vivid-013: V4L2 capture device registered as video59
[   21.093771] vivid-013: CEC adapter cec27 registered for HDMI output 0
[   21.095017] vivid-013: V4L2 output device registered as video60
[   21.096211] vivid-013: V4L2 capture device registered as vbi26, supports raw and sliced VBI
[   21.098301] vivid-013: V4L2 output device registered as vbi27, supports raw and sliced VBI
[   21.099772] vivid-013: V4L2 capture device registered as swradio13
[   21.101002] vivid-013: V4L2 receiver device registered as radio26
[   21.102198] vivid-013: V4L2 transmitter device registered as radio27
[   21.103451] vivid-013: V4L2 metadata capture device registered as video61
[   21.104702] vivid-013: V4L2 metadata output device registered as video62
[   21.105989] vivid-013: V4L2 touch capture device registered as v4l-touch13
[   21.107784] vivid-014: using single planar format API
[   21.118268] vivid-014: CEC adapter cec28 registered for HDMI input 0
[   21.119857] vivid-014: V4L2 capture device registered as video63
[   21.121118] vivid-014: CEC adapter cec29 registered for HDMI output 0
[   21.122438] vivid-014: V4L2 output device registered as video64
[   21.123621] vivid-014: V4L2 capture device registered as vbi28, supports raw and sliced VBI
[   21.125121] vivid-014: V4L2 output device registered as vbi29, supports raw and sliced VBI
[   21.126589] vivid-014: V4L2 capture device registered as swradio14
[   21.127821] vivid-014: V4L2 receiver device registered as radio28
[   21.129002] vivid-014: V4L2 transmitter device registered as radio29
[   21.130230] vivid-014: V4L2 metadata capture device registered as video65
[   21.131526] vivid-014: V4L2 metadata output device registered as video66
[   21.132821] vivid-014: V4L2 touch capture device registered as v4l-touch14
[   21.134077] vivid-015: using multiplanar format API
[   21.144876] vivid-015: CEC adapter cec30 registered for HDMI input 0
[   21.146299] vivid-015: V4L2 capture device registered as video67
[   21.147568] vivid-015: CEC adapter cec31 registered for HDMI output 0
[   21.148845] vivid-015: V4L2 output device registered as video68
[   21.150023] vivid-015: V4L2 capture device registered as vbi30, supports raw and sliced VBI
[   21.151476] vivid-015: V4L2 output device registered as vbi31, supports raw and sliced VBI
[   21.152937] vivid-015: V4L2 capture device registered as swradio15
[   21.154193] vivid-015: V4L2 receiver device registered as radio30
[   21.155398] vivid-015: V4L2 transmitter device registered as radio31
[   21.156605] vivid-015: V4L2 metadata capture device registered as video69
[   21.157909] vivid-015: V4L2 metadata output device registered as video70
[   21.159228] vivid-015: V4L2 touch capture device registered as v4l-touch15
[   21.163208] device-mapper: uevent: version 1.0.3
[   21.164750] device-mapper: ioctl: 4.47.0-ioctl (2022-07-28) initialised: dm-devel@redhat.com
[   21.166877] device-mapper: multipath round-robin: version 1.2.0 loaded
[   21.167769] device-mapper: multipath queue-length: version 0.2.0 loaded
[   21.168671] device-mapper: multipath service-time: version 0.3.0 loaded
[   21.169683] device-mapper: raid: Loading target version 1.15.1
[   21.171105] Bluetooth: HCI UART driver ver 2.3
[   21.171743] Bluetooth: HCI UART protocol H4 registered
[   21.172466] Bluetooth: HCI UART protocol BCSP registered
[   21.173252] Bluetooth: HCI UART protocol LL registered
[   21.174039] Bluetooth: HCI UART protocol Three-wire (H5) registered
[   21.174955] Bluetooth: HCI UART protocol QCA registered
[   21.175603] Bluetooth: HCI UART protocol AG6XX registered
[   21.176330] Bluetooth: HCI UART protocol Marvell registered
[   21.177175] usbcore: registered new interface driver bfusb
[   21.178073] usbcore: registered new interface driver btusb
[   21.179579] CAPI 2.0 started up with major 68 (middleware)
[   21.180282] Modular ISDN core version 1.1.29
[   21.181310] NET: Registered PF_ISDN protocol family
[   21.182042] DSP module 2.0
[   21.182426] mISDN_dsp: DSP clocks every 64 samples. This equals 8 jiffies.
[   21.191318] mISDN: Layer-1-over-IP driver Rev. 2.00
[   21.192520] 0 virtual devices registered
[   21.196441] iscsi: registered transport (iser)
[   21.198130] SoftiWARP attached
[   21.203076] kworker/u5:7 (209) used greatest stack depth: 27104 bytes left
[   21.209239] hid: raw HID events driver (C) Jiri Kosina
[   21.212655] usbcore: registered new interface driver usbhid
[   21.213352] usbhid: USB HID core driver
[   21.262624] usbcore: registered new interface driver snd-usb-audio
[   21.263690] drop_monitor: Initializing network drop monitor service
[   21.264818] NET: Registered PF_LLC protocol family
[   21.265567] GACT probability on
[   21.265979] Mirror/redirect action on
[   21.266786] Simple TC action Loaded
[   21.269520] netem: version 1.3
[   21.270022] u32 classifier
[   21.270404]     Performance counters on
[   21.270894]     input device check on
[   21.271403]     Actions configured
[   21.273335] nf_conntrack_irc: failed to register helpers
[   21.274198] nf_conntrack_sane: failed to register helpers
[   21.307169] input: ImExPS/2 Generic Explorer Mouse as /devices/platform/i8042/serio1/input/input3
[   22.209597] floppy0: no floppy controllers found
[   22.215090] scsi 0:0:0:0: Direct-Access     ATA      QEMU HARDDISK    2.5+ PQ: 0 ANSI: 5
[   22.226234] sd 0:0:0:0: [sda] 4194304 512-byte logical blocks: (2.15 GB/2.00 GiB)
[   22.227537] sd 0:0:0:0: Attached scsi generic sg0 type 0
[   22.228601] sd 0:0:0:0: [sda] Write Protect is off
[   22.229342] sd 0:0:0:0: [sda] Write cache: enabled, read cache: enabled, doesn't support DPO or FUA
[   22.232751] scsi 2:0:0:0: CD-ROM            QEMU     QEMU DVD-ROM     2.5+ PQ: 0 ANSI: 5
[   22.234227] sd 0:0:0:0: [sda] Preferred minimum I/O size 512 bytes
[   22.248717] sr 2:0:0:0: [sr0] scsi3-mmc drive: 4x/4x cd/rw xa/form2 tray
[   22.249710] cdrom: Uniform CD-ROM driver Revision: 3.20
[   22.250686] sd 0:0:0:0: [sda] Attached SCSI disk
[   22.265300] sr 2:0:0:0: Attached scsi generic sg1 type 5
[   22.341659] nf_conntrack_sip: failed to register helpers
[   22.345052] xt_time: kernel timezone is -0000
[   22.345715] IPVS: Registered protocols (TCP, UDP, SCTP, AH, ESP)
[   22.346565] IPVS: Connection hash table configured (size=4096, memory=32Kbytes)
[   22.348131] IPVS: ipvs loaded.
[   22.348598] IPVS: [rr] scheduler registered.
[   22.349161] IPVS: [wrr] scheduler registered.
[   22.349744] IPVS: [lc] scheduler registered.
[   22.350306] IPVS: [wlc] scheduler registered.
[   22.350885] IPVS: [fo] scheduler registered.
[   22.351422] IPVS: [ovf] scheduler registered.
[   22.352077] IPVS: [lblc] scheduler registered.
[   22.352814] IPVS: [lblcr] scheduler registered.
[   22.353495] IPVS: [dh] scheduler registered.
[   22.354119] IPVS: [sh] scheduler registered.
[   22.354736] IPVS: [mh] scheduler registered.
[   22.355341] IPVS: [sed] scheduler registered.
[   22.355989] IPVS: [nq] scheduler registered.
[   22.356796] IPVS: [sip] pe registered.
[   22.357478] ipip: IPv4 and MPLS over IPv4 tunneling driver
[   22.360460] gre: GRE over IPv4 demultiplexor driver
[   22.361184] ip_gre: GRE over IPv4 tunneling driver
[   22.366912] IPv4 over IPsec tunneling driver
[   22.370225] ipt_CLUSTERIP: ClusterIP Version 0.8 loaded successfully
[   22.371687] Initializing XFRM netlink socket
[   22.372460] IPsec XFRM device driver
[   22.373678] NET: Registered PF_INET6 protocol family
[   22.385647] Segment Routing with IPv6
[   22.386170] RPL Segment Routing with IPv6
[   22.386871] In-situ OAM (IOAM) with IPv6
[   22.387635] mip6: Mobile IPv6
[   22.390441] sit: IPv6, IPv4 and MPLS over IPv4 tunneling driver
[   22.395483] ip6_gre: GRE over IPv6 tunneling driver
[   22.398761] NET: Registered PF_PACKET protocol family
[   22.399764] NET: Registered PF_KEY protocol family
[   22.400939] Bridge firewalling registered
[   22.402189] NET: Registered PF_X25 protocol family
[   22.402997] X25: Linux Version 0.2
[   22.426678] NET: Registered PF_NETROM protocol family
[   22.451560] NET: Registered PF_ROSE protocol family
[   22.452493] NET: Registered PF_AX25 protocol family
[   22.453230] can: controller area network core
[   22.454303] NET: Registered PF_CAN protocol family
[   22.454998] can: raw protocol
[   22.455591] can: broadcast manager protocol
[   22.456118] can: netlink gateway - max_hops=1
[   22.456742] can: SAE J1939
[   22.457083] can: isotp protocol
[   22.457824] Bluetooth: RFCOMM TTY layer initialized
[   22.458632] Bluetooth: RFCOMM socket layer initialized
[   22.459568] Bluetooth: RFCOMM ver 1.11
[   22.460184] Bluetooth: BNEP (Ethernet Emulation) ver 1.3
[   22.461022] Bluetooth: BNEP filters: protocol multicast
[   22.461917] Bluetooth: BNEP socket layer initialized
[   22.462662] Bluetooth: CMTP (CAPI Emulation) ver 1.0
[   22.463523] Bluetooth: CMTP socket layer initialized
[   22.464118] Bluetooth: HIDP (Human Interface Emulation) ver 1.2
[   22.464839] Bluetooth: HIDP socket layer initialized
[   22.465879] RPC: Registered rdma transport module.
[   22.466468] RPC: Registered rdma backchannel transport module.
[   22.469499] NET: Registered PF_RXRPC protocol family
[   22.470115] Key type rxrpc registered
[   22.470575] Key type rxrpc_s registered
[   22.471745] NET: Registered PF_KCM protocol family
[   22.472774] lec:lane_module_init: lec.c: initialized
[   22.473417] mpoa:atm_mpoa_init: mpc.c: initialized
[   22.474118] l2tp_core: L2TP core driver, V2.0
[   22.474717] l2tp_ppp: PPPoL2TP kernel driver, V2.0
[   22.475287] l2tp_ip: L2TP IP encapsulation support (L2TPv3)
[   22.476113] l2tp_netlink: L2TP netlink interface
[   22.476976] l2tp_eth: L2TP ethernet pseudowire support (L2TPv3)
[   22.477833] l2tp_ip6: L2TP IP encapsulation support for IPv6 (L2TPv3)
[   22.478984] NET: Registered PF_PHONET protocol family
[   22.480048] 8021q: 802.1Q VLAN Support v1.8
[   22.489206] DCCP: Activated CCID 2 (TCP-like)
[   22.489894] DCCP: Activated CCID 3 (TCP-Friendly Rate Control)
[   22.491304] sctp: Hash tables configured (bind 32/56)
[   22.493699] NET: Registered PF_RDS protocol family
[   22.494761] Registered RDS/infiniband transport
[   22.496234] Registered RDS/tcp transport
[   22.496819] tipc: Activated (version 2.0.0)
[   22.497827] NET: Registered PF_TIPC protocol family
[   22.499268] tipc: Started in single node mode
[   22.500521] NET: Registered PF_SMC protocol family
[   22.501319] 9pnet: Installing 9P2000 support
[   22.502172] NET: Registered PF_CAIF protocol family
[   22.507633] NET: Registered PF_IEEE802154 protocol family
[   22.508736] Key type dns_resolver registered
[   22.509458] Key type ceph registered
[   22.510552] libceph: loaded (mon/osd proto 15/24)
[   22.512497] batman_adv: B.A.T.M.A.N. advanced 2022.3 (compatibility version 15) loaded
[   22.513795] openvswitch: Open vSwitch switching datapath
[   22.516803] NET: Registered PF_VSOCK protocol family
[   22.518025] mpls_gso: MPLS GSO support
[   22.528017] IPI shorthand broadcast: enabled
[   22.718191] sched_clock: Marking stable (22695030403, 22336835)->(22720282374, -2915136)
[   22.721440] registered taskstats version 1
[   22.723467] Loading compiled-in X.509 certificates
[   22.725432] zswap: loaded using pool lzo/zbud
[   22.869256] kmemleak: Kernel memory leak detector initialized (mem pool available: 14980)
[   22.870887] Key type .fscrypt registered
[   22.871402] Key type fscrypt-provisioning registered
[   22.874606] kAFS: Red Hat AFS client v0.1 registering.
[   22.889430] Btrfs loaded, crc32c=crc32c-generic, assert=on, zoned=yes, fsverity=yes
[   22.891147] Key type big_key registered
[   22.900515] PM:   Magic number: 9:479:351
[   22.902800] printk: console [netcon0] enabled
[   22.903427] netconsole: network logging started
[   22.904434] gtp: GTP module loaded (pdp ctx size 104 bytes)
[   22.907401] rdma_rxe: loaded
[   22.908716] cfg80211: Loading compiled-in X.509 certificates for regulatory database
[   22.915039] cfg80211: Loaded X.509 cert 'sforshee: 00b28ddf47aef9cea7'
[   22.917837] ALSA device list:
[   22.918180] platform regulatory.0: Direct firmware load for regulatory.db failed with error -2
[   22.918302]   #0: Dummy 1
[   22.919414] platform regulatory.0: Falling back to sysfs fallback for: regulatory.db
[   22.919689]   #1: Loopback 1
[   22.921133]   #2: Virtual MIDI Card 1
[   22.923247] md: Waiting for all devices to be available before autodetect
[   22.923950] md: If you don't use raid, use raid=noautodetect
[   22.924481] md: Autodetecting RAID arrays.
[   22.924877] md: autorun ...
[   22.925150] md: ... autorun DONE.
[   22.939924] EXT4-fs (sda): INFO: recovery required on readonly filesystem
[   22.940753] EXT4-fs (sda): write access will be enabled during recovery
[   22.985769] EXT4-fs (sda): recovery complete
[   22.988208] EXT4-fs (sda): mounted filesystem cc6e0589-6f17-4af9-95e6-021d41a456d0 with ordered data mode. Quota mode: none.
[   22.989473] VFS: Mounted root (ext4 filesystem) readonly on device 8:0.
[   22.991342] devtmpfs: mounted
[   23.000881] Freeing unused kernel image (initmem) memory: 20284K
[   23.003566] Write protecting the kernel read-only data: 155648k
[   23.005197] Freeing unused kernel image (rodata/data gap) memory: 228K
[   23.007910] Run /sbin/init as init process
[   24.681402] SELinux:  Class mctp_socket not defined in policy.
[   24.682048] SELinux:  Class anon_inode not defined in policy.
[   24.682594] SELinux:  Class io_uring not defined in policy.
[   24.683113] SELinux:  Class user_namespace not defined in policy.
[   24.683651] SELinux: the above unknown classes and permissions will be allowed
[   24.803938] SELinux:  policy capability network_peer_controls=1
[   24.804603] SELinux:  policy capability open_perms=1
[   24.805023] SELinux:  policy capability extended_socket_class=1
[   24.805544] SELinux:  policy capability always_check_network=0
[   24.806111] SELinux:  policy capability cgroup_seclabel=1
[   24.806653] SELinux:  policy capability nnp_nosuid_transition=1
[   24.807192] SELinux:  policy capability genfs_seclabel_symlinks=0
[   24.807715] SELinux:  policy capability ioctl_skip_cloexec=0
[   25.046511] audit: type=1403 audit(1748211635.551:2): auid=4294967295 ses=4294967295 lsm=selinux res=1
[   25.057886] systemd[1]: Successfully loaded SELinux policy in 1.893711s.
[   25.236553] audit: type=1400 audit(1748211635.741:3): avc:  denied  { module_load } for  pid=255 comm="modprobe" path="/usr/lib/modules/6.2.0/kernel/kernel/bpf/preload/bpf_preload.ko" dev="sda" ino=21812 scontext=system_u:system_r:kernel_t:s0 tcontext=system_u:object_r:unlabeled_t:s0 tclass=system permissive=1
[   25.260296] modprobe (255) used greatest stack depth: 24544 bytes left
[   25.655348] systemd[1]: Relabelled /dev, /dev/shm, /run, /sys/fs/cgroup in 393.762ms.
[   25.677643] systemd[1]: systemd 247.3-7+deb11u5 running in system mode. (+PAM +AUDIT +SELINUX +IMA +APPARMOR +SMACK +SYSVINIT +UTMP +LIBCRYPTSETUP +GCRYPT +GNUTLS +ACL +XZ +LZ4 +ZSTD +SECCOMP +BLKID +ELFUTILS +KMOD +IDN2 -IDN +PCRE2 default-hierarchy=unified)
[   25.682352] systemd[1]: Detected virtualization kvm.
[   25.683002] systemd[1]: Detected architecture x86-64.

Welcome to [1mDebian GNU/Linux 11 (bullseye)[0m!

[   25.689927] systemd[1]: Set hostname to <syzkaller>.
[   26.219249] selinux-autorel (257) used greatest stack depth: 23504 bytes left
[   26.608628] random: crng init done
[   26.767289] systemd[1]: Queued start job for default target Graphical Interface.
[   26.799787] systemd[1]: Created slice system-getty.slice.
[[0;32m  OK  [0m] Created slice [0;1;39msystem-getty.slice[0m.
[   26.815572] systemd[1]: Created slice system-modprobe.slice.
[[0;32m  OK  [0m] Created slice [0;1;39msystem-modprobe.slice[0m.
[   26.829450] systemd[1]: Created slice system-serial\x2dgetty.slice.
[[0;32m  OK  [0m] Created slice [0;1;39msystem-serial\x2dgetty.slice[0m.
[   26.833422] systemd[1]: Started Dispatch Password Requests to Console Directory Watch.
[[0;32m  OK  [0m] Started [0;1;39mDispatch Password â¦ts to Console Directory Watch[0m.
[   26.838402] systemd[1]: Started Forward Password Requests to Wall Directory Watch.
[[0;32m  OK  [0m] Started [0;1;39mForward Password Râ¦uests to Wall Directory Watch[0m.
[   26.846261] systemd[1]: Set up automount Arbitrary Executable File Formats File System Automount Point.
[[0;32m  OK  [0m] Set up automount [0;1;39mArbitraryâ¦s File System Automount Point[0m.
[   26.849619] systemd[1]: Reached target Local Encrypted Volumes.
[[0;32m  OK  [0m] Reached target [0;1;39mLocal Encrypted Volumes[0m.
[   26.851777] systemd[1]: Reached target Paths.
[[0;32m  OK  [0m] Reached target [0;1;39mPaths[0m.
[   26.854142] systemd[1]: Reached target Remote File Systems.
[[0;32m  OK  [0m] Reached target [0;1;39mRemote File Systems[0m.
[   26.856520] systemd[1]: Reached target Slices.
[[0;32m  OK  [0m] Reached target [0;1;39mSlices[0m.
[   26.858724] systemd[1]: Reached target Swap.
[[0;32m  OK  [0m] Reached target [0;1;39mSwap[0m.
[   26.865998] systemd[1]: Listening on Syslog Socket.
[[0;32m  OK  [0m] Listening on [0;1;39mSyslog Socket[0m.
[   26.870776] systemd[1]: Listening on initctl Compatibility Named Pipe.
[[0;32m  OK  [0m] Listening on [0;1;39minitctl Compatibility Named Pipe[0m.
[   26.877184] systemd[1]: Listening on Journal Audit Socket.
[   26.877223] audit: type=1400 audit(1748211637.382:4): avc:  denied  { audit_read } for  pid=1 comm="systemd" capability=37  scontext=system_u:system_r:kernel_t:s0 tcontext=system_u:system_r:kernel_t:s0 tclass=capability2 permissive=1
[[0;32m  OK  [0m] Listening on [0;1;39mJournal Audit Socket[0m.
[   26.885315] systemd[1]: Listening on Journal Socket (/dev/log).
[[0;32m  OK  [0m] Listening on [0;1;39mJournal Socket (/dev/log)[0m.
[   26.893178] systemd[1]: Listening on Journal Socket.
[[0;32m  OK  [0m] Listening on [0;1;39mJournal Socket[0m.
[   26.901187] systemd[1]: Listening on udev Control Socket.
[[0;32m  OK  [0m] Listening on [0;1;39mudev Control Socket[0m.
[   26.906455] systemd[1]: Listening on udev Kernel Socket.
[[0;32m  OK  [0m] Listening on [0;1;39mudev Kernel Socket[0m.
[   26.909199] systemd[1]: Reached target Sockets.
[[0;32m  OK  [0m] Reached target [0;1;39mSockets[0m.
[   26.938224] systemd[1]: Mounting Huge Pages File System...
         Mounting [0;1;39mHuge Pages File System[0m...
[   26.965024] systemd[1]: Mounting POSIX Message Queue File System...
         Mounting [0;1;39mPOSIX Message Queue File System[0m...
[   26.994833] systemd[1]: Mounting /proc/sys/fs/binfmt_misc...
         Mounting [0;1;39m/proc/sys/fs/binfmt_misc[0m...
[   27.025653] systemd[1]: Mounting /sys/kernel/config...
         Mounting [0;1;39m/sys/kernel/config[0m...
[   27.072293] systemd[1]: Mounting /sys/kernel/debug...
         Mounting [0;1;39m/sys/kernel/debug[0m...
[   27.113649] systemd[1]: Mounting Kernel Trace File System...
         Mounting [0;1;39mKernel Trace File System[0m...
[   27.116241] systemd[1]: Condition check resulted in Create list of static device nodes for the current kernel being skipped.
[   27.156239] systemd[1]: Starting Load Kernel Module fuse...
         Starting [0;1;39mLoad Kernel Module fuse[0m...
[   27.204666] systemd[1]: Starting Journal Service...
         Starting [0;1;39mJournal Service[0m...
[   27.236128] systemd[1]: Starting Load Kernel Modules...
         Starting [0;1;39mLoad Kernel Modules[0m...
[   27.282924] systemd[1]: Starting Remount Root and Kernel File Systems...
         Starting [0;1;39mRemount Root and Kernel File Systems[0m...
[   27.340116] systemd[1]: Starting Coldplug All udev Devices...
         Starting [0;1;39mColdplug All udev Devices[0m...
[   27.391857] systemd[1]: Mounted Huge Pages File System.
[[0;32m  OK  [0m] Mounted [0;1;39mHuge Pages File System[0m.
[   27.405119] systemd[1]: Mounted POSIX Message Queue File System.
[[0;32m  OK  [0m] Mounted [0;1;39mPOSIX Message Queue File System[0m.
[   27.418320] systemd[1]: Mounted /proc/sys/fs/binfmt_misc.
[[0;32m  OK  [0m] Mounted [0;1;39m/proc/sys/fs/binfmt_misc[0m.
[   27.437744] systemd[1]: Mounted /sys/kernel/config.
[[0;32m  OK  [0m] Mounted [0;1;39m/sys/kernel/config[0m.
[   27.442248] systemd[1]: Mounted /sys/kernel/debug.
